Archive member included to satisfy reference by file (symbol)

app/libapp.a(main.c.obj)      (--whole-archive)
zephyr/libzephyr.a(heap.c.obj)
                              (--whole-archive)
zephyr/libzephyr.a(cbprintf_packaged.c.obj)
                              (--whole-archive)
zephyr/libzephyr.a(printk.c.obj)
                              (--whole-archive)
zephyr/libzephyr.a(sem.c.obj)
                              (--whole-archive)
zephyr/libzephyr.a(thread_entry.c.obj)
                              (--whole-archive)
zephyr/libzephyr.a(cbprintf_complete.c.obj)
                              (--whole-archive)
zephyr/libzephyr.a(assert.c.obj)
                              (--whole-archive)
zephyr/libzephyr.a(mpsc_pbuf.c.obj)
                              (--whole-archive)
zephyr/libzephyr.a(dec.c.obj)
                              (--whole-archive)
zephyr/libzephyr.a(hex.c.obj)
                              (--whole-archive)
zephyr/libzephyr.a(rb.c.obj)  (--whole-archive)
zephyr/libzephyr.a(timeutil.c.obj)
                              (--whole-archive)
zephyr/libzephyr.a(bitarray.c.obj)
                              (--whole-archive)
zephyr/libzephyr.a(onoff.c.obj)
                              (--whole-archive)
zephyr/libzephyr.a(notify.c.obj)
                              (--whole-archive)
zephyr/libzephyr.a(ring_buffer.c.obj)
                              (--whole-archive)
zephyr/libzephyr.a(configs.c.obj)
                              (--whole-archive)
zephyr/libzephyr.a(log_core.c.obj)
                              (--whole-archive)
zephyr/libzephyr.a(log_mgmt.c.obj)
                              (--whole-archive)
zephyr/libzephyr.a(log_cache.c.obj)
                              (--whole-archive)
zephyr/libzephyr.a(log_msg.c.obj)
                              (--whole-archive)
zephyr/libzephyr.a(log_output.c.obj)
                              (--whole-archive)
zephyr/libzephyr.a(log_backend_rtt.c.obj)
                              (--whole-archive)
zephyr/libzephyr.a(log_backend_uart.c.obj)
                              (--whole-archive)
zephyr/libzephyr.a(mem_attr.c.obj)
                              (--whole-archive)
zephyr/libzephyr.a(tracing_none.c.obj)
                              (--whole-archive)
zephyr/arch/common/libarch__common.a(sw_isr_common.c.obj)
                              (--whole-archive)
zephyr/arch/arch/arm/core/libarch__arm__core.a(fatal.c.obj)
                              (--whole-archive)
zephyr/arch/arch/arm/core/libarch__arm__core.a(nmi.c.obj)
                              (--whole-archive)
zephyr/arch/arch/arm/core/libarch__arm__core.a(nmi_on_reset.S.obj)
                              (--whole-archive)
zephyr/arch/arch/arm/core/libarch__arm__core.a(tls.c.obj)
                              (--whole-archive)
zephyr/arch/arch/arm/core/cortex_m/libarch__arm__core__cortex_m.a(exc_exit.c.obj)
                              (--whole-archive)
zephyr/arch/arch/arm/core/cortex_m/libarch__arm__core__cortex_m.a(fault.c.obj)
                              (--whole-archive)
zephyr/arch/arch/arm/core/cortex_m/libarch__arm__core__cortex_m.a(fault_s.S.obj)
                              (--whole-archive)
zephyr/arch/arch/arm/core/cortex_m/libarch__arm__core__cortex_m.a(fpu.c.obj)
                              (--whole-archive)
zephyr/arch/arch/arm/core/cortex_m/libarch__arm__core__cortex_m.a(reset.S.obj)
                              (--whole-archive)
zephyr/arch/arch/arm/core/cortex_m/libarch__arm__core__cortex_m.a(scb.c.obj)
                              (--whole-archive)
zephyr/arch/arch/arm/core/cortex_m/libarch__arm__core__cortex_m.a(thread_abort.c.obj)
                              (--whole-archive)
zephyr/arch/arch/arm/core/cortex_m/libarch__arm__core__cortex_m.a(vector_table.S.obj)
                              (--whole-archive)
zephyr/arch/arch/arm/core/cortex_m/libarch__arm__core__cortex_m.a(swap_helper.S.obj)
                              (--whole-archive)
zephyr/arch/arch/arm/core/cortex_m/libarch__arm__core__cortex_m.a(irq_manage.c.obj)
                              (--whole-archive)
zephyr/arch/arch/arm/core/cortex_m/libarch__arm__core__cortex_m.a(prep_c.c.obj)
                              (--whole-archive)
zephyr/arch/arch/arm/core/cortex_m/libarch__arm__core__cortex_m.a(thread.c.obj)
                              (--whole-archive)
zephyr/arch/arch/arm/core/cortex_m/libarch__arm__core__cortex_m.a(cpu_idle.c.obj)
                              (--whole-archive)
zephyr/arch/arch/arm/core/cortex_m/libarch__arm__core__cortex_m.a(irq_init.c.obj)
                              (--whole-archive)
zephyr/arch/arch/arm/core/cortex_m/libarch__arm__core__cortex_m.a(isr_wrapper.c.obj)
                              (--whole-archive)
zephyr/arch/arch/arm/core/cortex_m/libarch__arm__core__cortex_m.a(__aeabi_read_tp.S.obj)
                              (--whole-archive)
zephyr/arch/arch/arm/core/mpu/libarch__arm__core__mpu.a(arm_core_mpu.c.obj)
                              (--whole-archive)
[...]
Memory Configuration

Name             Origin             Length             Attributes
FLASH            0x0000000000000000 0x0000000000100000 xr
RAM              0x0000000020000000 0x0000000000040000 xw
IDT_LIST         0x00000000ffff7fff 0x0000000000008000 xw
*default*        0x0000000000000000 0xffffffffffffffff

Linker script and memory map

                0x0000000000005da4                vfprintf = __l_vfprintf
                0x0000000000000000                vfscanf = __l_vfscanf
LOAD zephyr/CMakeFiles/zephyr_final.dir/misc/empty_file.c.obj
LOAD zephyr/CMakeFiles/zephyr_final.dir/isr_tables.c.obj
LOAD zephyr/CMakeFiles/offsets.dir/./arch/arm/core/offsets/offsets.c.obj
LOAD app/libapp.a
LOAD zephyr/libzephyr.a
LOAD zephyr/arch/common/libarch__common.a
LOAD zephyr/arch/arch/arm/core/libarch__arm__core.a
LOAD zephyr/arch/arch/arm/core/cortex_m/libarch__arm__core__cortex_m.a
LOAD zephyr/arch/arch/arm/core/mpu/libarch__arm__core__mpu.a
LOAD zephyr/lib/libc/picolibc/liblib__libc__picolibc.a
LOAD zephyr/lib/libc/common/liblib__libc__common.a
LOAD zephyr/lib/net_buf/liblib__net_buf.a
LOAD zephyr/soc/soc/nrf52840/libsoc__nordic.a
LOAD zephyr/drivers/audio/libdrivers__audio.a
LOAD zephyr/drivers/clock_control/libdrivers__clock_control.a
LOAD zephyr/drivers/console/libdrivers__console.a
LOAD zephyr/drivers/gpio/libdrivers__gpio.a
LOAD zephyr/drivers/pinctrl/libdrivers__pinctrl.a
LOAD zephyr/drivers/serial/libdrivers__serial.a
LOAD zephyr/drivers/timer/libdrivers__timer.a
LOAD modules/hal_nordic/nrfx/libmodules__hal_nordic__nrfx.a
LOAD modules/segger/libmodules__segger.a
LOAD zephyr/kernel/libkernel.a
LOAD zephyr/arch/common/libisr_tables.a
LOAD c:\users\brandon.edmonds\dev\tooling\nordic\ncs\toolchains\b620d30767\opt\zephyr-sdk\arm-zephyr-eabi\bin\../lib/gcc/../../picolibc/arm-zephyr-eabi/lib/thumb/v7e-m/nofp\libc.a
LOAD c:/users/brandon.edmonds/dev/tooling/nordic/ncs/toolchains/b620d30767/opt/zephyr-sdk/arm-zephyr-eabi/bin/../lib/gcc/arm-zephyr-eabi/12.2.0/thumb/v7e-m/nofp\libgcc.a
                0x0000000000000020                _region_min_align = 0x20

.rel.plt        0x0000000000000000        0x0
 *(SORT_BY_ALIGNMENT(.rel.plt))
                [!provide]                        PROVIDE (__rel_iplt_start = .)
 *(SORT_BY_ALIGNMENT(.rel.iplt))
 .rel.iplt      0x0000000000000000        0x0 zephyr/CMakeFiles/zephyr_final.dir/isr_tables.c.obj
                [!provide]                        PROVIDE (__rel_iplt_end = .)

.rela.plt       0x0000000000000000        0x0
 *(SORT_BY_ALIGNMENT(.rela.plt))
                [!provide]                        PROVIDE (__rela_iplt_start = .)
 *(SORT_BY_ALIGNMENT(.rela.iplt))
                [!provide]                        PROVIDE (__rela_iplt_end = .)

.rel.dyn
 *(SORT_BY_ALIGNMENT(.rel.*))

.rela.dyn
 *(SORT_BY_ALIGNMENT(.rela.*))

/DISCARD/
 *(SORT_BY_ALIGNMENT(.plt))

/DISCARD/
 *(SORT_BY_ALIGNMENT(.iplt))
                0x0000000000000000                __rom_region_start = 0x0

rom_start       0x0000000000000000      0x100
                0x0000000000000000                __rom_start_address = .
 FILL mask 0x00
                0x0000000000000000                . = (. + (0x0 - (. - __rom_start_address)))
                0x0000000000000000                . = ALIGN (0x4)
                0x0000000000000000                . = ALIGN (0x80)
                0x0000000000000000                . = ALIGN (0x100)
                0x0000000000000000                _vector_start = .
 *(SORT_BY_ALIGNMENT(.exc_vector_table))
 *(SORT_BY_ALIGNMENT(.exc_vector_table.*))
 .exc_vector_table._vector_table_section
                0x0000000000000000       0x40 zephyr/arch/arch/arm/core/cortex_m/libarch__arm__core__cortex_m.a(vector_table.S.obj)
                0x0000000000000000                _vector_table
 *(SORT_BY_ALIGNMENT(.vectors))
                0x0000000000000100                _vector_end = .
                0x0000000000000040                . = ALIGN (0x4)
 *(SORT_BY_ALIGNMENT(.gnu.linkonce.irq_vector_table*))
 .gnu.linkonce.irq_vector_table
                0x0000000000000040       0xc0 zephyr/CMakeFiles/zephyr_final.dir/isr_tables.c.obj
                0x0000000000000040                _irq_vector_table
                0x0000000000000100                _vector_end = .

text            0x0000000000000100     0x76a8
                0x0000000000000100                __text_region_start = .
 *(SORT_BY_ALIGNMENT(.text))
 .text          0x0000000000000100       0x30 c:/users/brandon.edmonds/dev/tooling/nordic/ncs/toolchains/b620d30767/opt/zephyr-sdk/arm-zephyr-eabi/bin/../lib/gcc/arm-zephyr-eabi/12.2.0/thumb/v7e-m/nofp\libgcc.a(_aeabi_uldivmod.o)
                0x0000000000000100                __aeabi_uldivmod
 .text          0x0000000000000130        0x4 c:/users/brandon.edmonds/dev/tooling/nordic/ncs/toolchains/b620d30767/opt/zephyr-sdk/arm-zephyr-eabi/bin/../lib/gcc/arm-zephyr-eabi/12.2.0/thumb/v7e-m/nofp\libgcc.a(_dvmd_tls.o)
                0x0000000000000130                __aeabi_idiv0
                0x0000000000000130                __aeabi_ldiv0
 .text          0x0000000000000134       0x10 c:\users\brandon.edmonds\dev\tooling\nordic\ncs\toolchains\b620d30767\opt\zephyr-sdk\arm-zephyr-eabi\bin\../lib/gcc/../../picolibc/arm-zephyr-eabi/lib/thumb/v7e-m/nofp\libc.a(strlen.S.o)
                0x0000000000000134                strlen
 .text          0x0000000000000144      0x2a0 c:/users/brandon.edmonds/dev/tooling/nordic/ncs/toolchains/b620d30767/opt/zephyr-sdk/arm-zephyr-eabi/bin/../lib/gcc/arm-zephyr-eabi/12.2.0/thumb/v7e-m/nofp\libgcc.a(_udivmoddi4.o)
                0x0000000000000144                __udivmoddi4
 *(SORT_BY_ALIGNMENT(.text.*))
 .text.main     0x00000000000003e4      0x120 app/libapp.a(main.c.obj)
                0x00000000000003e4                main
 .text.cbvprintf_package
                0x0000000000000504      0x3a4 zephyr/libzephyr.a(cbprintf_packaged.c.obj)
                0x0000000000000504                cbvprintf_package
 .text.cbprintf_package_convert
                0x00000000000008a8      0x3cc zephyr/libzephyr.a(cbprintf_packaged.c.obj)
                0x00000000000008a8                cbprintf_package_convert
 .text.__printk_hook_install
                0x0000000000000c74        0xc zephyr/libzephyr.a(printk.c.obj)
                0x0000000000000c74                __printk_hook_install
 .text.z_thread_entry
                0x0000000000000c80       0x34 zephyr/libzephyr.a(thread_entry.c.obj)
                0x0000000000000c80                z_thread_entry
 .text.process_event
                0x0000000000000cb4      0x21c zephyr/libzephyr.a(onoff.c.obj)
 .text.activate_foreach_backend
                0x0000000000000ed0       0x64 zephyr/libzephyr.a(log_core.c.obj)
 .text.enable_logger
                0x0000000000000f34       0x5c zephyr/libzephyr.a(log_core.c.obj)
 .text.log_process_thread_timer_expiry_fn
                0x0000000000000f90        0xc zephyr/libzephyr.a(log_core.c.obj)
 .text.z_log_init
                0x0000000000000f9c       0xa4 zephyr/libzephyr.a(log_core.c.obj)
 .text.log_format_func_t_get
                0x0000000000001040        0xc zephyr/libzephyr.a(log_core.c.obj)
                0x0000000000001040                log_format_func_t_get
 .text.log_set_timestamp_func
                0x000000000000104c       0x20 zephyr/libzephyr.a(log_core.c.obj)
                0x000000000000104c                log_set_timestamp_func
 .text.z_log_notify_backend_enabled
                0x000000000000106c       0x1c zephyr/libzephyr.a(log_core.c.obj)
                0x000000000000106c                z_log_notify_backend_enabled
 .text.z_log_dropped
                0x0000000000001088       0x44 zephyr/libzephyr.a(log_core.c.obj)
                0x0000000000001088                z_log_dropped
 .text.z_log_dropped_read_and_clear
                0x00000000000010cc       0x20 zephyr/libzephyr.a(log_core.c.obj)
                0x00000000000010cc                z_log_dropped_read_and_clear
 .text.dropped_notify
                0x00000000000010ec       0x30 zephyr/libzephyr.a(log_core.c.obj)
                0x00000000000010ec                dropped_notify
 .text.z_log_msg_init
                0x000000000000111c       0x20 zephyr/libzephyr.a(log_core.c.obj)
                0x000000000000111c                z_log_msg_init
 .text.log_core_init
                0x000000000000113c       0x34 zephyr/libzephyr.a(log_core.c.obj)
                0x000000000000113c                log_core_init
 .text.z_log_msg_alloc
                0x0000000000001170       0x10 zephyr/libzephyr.a(log_core.c.obj)
                0x0000000000001170                z_log_msg_alloc
 .text.z_log_msg_local_claim
                0x0000000000001180        0xc zephyr/libzephyr.a(log_core.c.obj)
                0x0000000000001180                z_log_msg_local_claim
 .text.z_log_msg_free
                0x000000000000118c       0x10 zephyr/libzephyr.a(log_core.c.obj)
                0x000000000000118c                z_log_msg_free
 .text.z_log_msg_pending
                0x000000000000119c        0xc zephyr/libzephyr.a(log_core.c.obj)
                0x000000000000119c                z_log_msg_pending
 .text.z_impl_log_process
                0x00000000000011a8       0xc0 zephyr/libzephyr.a(log_core.c.obj)
                0x00000000000011a8                z_impl_log_process
 .text.z_impl_log_panic
                0x0000000000001268       0x44 zephyr/libzephyr.a(log_core.c.obj)
                0x0000000000001268                z_impl_log_panic
 .text.log_process_thread_func
                0x00000000000012ac       0xa4 zephyr/libzephyr.a(log_core.c.obj)
 .text.z_log_msg_post_finalize
                0x0000000000001350       0x78 zephyr/libzephyr.a(log_core.c.obj)
 .text.z_log_msg_commit
                0x00000000000013c8       0x24 zephyr/libzephyr.a(log_core.c.obj)
                0x00000000000013c8                z_log_msg_commit
 .text.log_source_name_get
                0x00000000000013ec       0x1c zephyr/libzephyr.a(log_mgmt.c.obj)
                0x00000000000013ec                log_source_name_get
 .text.z_impl_z_log_msg_static_create
                0x0000000000001408      0x108 zephyr/libzephyr.a(log_msg.c.obj)
                0x0000000000001408                z_impl_z_log_msg_static_create
 .text.z_log_msg_runtime_vcreate
                0x0000000000001510       0xa0 zephyr/libzephyr.a(log_msg.c.obj)
                0x0000000000001510                z_log_msg_runtime_vcreate
 .text.log_msg_get_source_id
                0x00000000000015b0       0x18 zephyr/libzephyr.a(log_msg.c.obj)
                0x00000000000015b0                log_msg_get_source_id
 .text.print_formatted
                0x00000000000015c8       0x24 zephyr/libzephyr.a(log_output.c.obj)
 .text.newline_print
                0x00000000000015ec       0x1c zephyr/libzephyr.a(log_output.c.obj)
 .text.log_output_process
                0x0000000000001608      0x2d4 zephyr/libzephyr.a(log_output.c.obj)
                0x0000000000001608                log_output_process
 .text.log_output_dropped_process
                0x00000000000018dc       0x58 zephyr/libzephyr.a(log_output.c.obj)
                0x00000000000018dc                log_output_dropped_process
 .text.log_output_timestamp_freq_set
                0x0000000000001934       0x2c zephyr/libzephyr.a(log_output.c.obj)
                0x0000000000001934                log_output_timestamp_freq_set
 .text.log_backend_rtt_init
                0x0000000000001960        0xc zephyr/libzephyr.a(log_backend_rtt.c.obj)
 .text.format_set
                0x000000000000196c        0xc zephyr/libzephyr.a(log_backend_rtt.c.obj)
 .text.dropped  0x0000000000001978        0xc zephyr/libzephyr.a(log_backend_rtt.c.obj)
 .text.process  0x0000000000001984       0x24 zephyr/libzephyr.a(log_backend_rtt.c.obj)
 .text.panic    0x00000000000019a8       0x34 zephyr/libzephyr.a(log_backend_rtt.c.obj)
 .text.on_failed_write
                0x00000000000019dc       0x28 zephyr/libzephyr.a(log_backend_rtt.c.obj)
 .text.data_out_block_mode
                0x0000000000001a04       0x88 zephyr/libzephyr.a(log_backend_rtt.c.obj)
 .text.char_out
                0x0000000000001a8c       0x24 zephyr/libzephyr.a(log_backend_uart.c.obj)
 .text.mem_attr_get_regions
                0x0000000000001ab0        0xc zephyr/libzephyr.a(mem_attr.c.obj)
                0x0000000000001ab0                mem_attr_get_regions
 .text.z_arm_fatal_error
                0x0000000000001abc       0xb8 zephyr/arch/arch/arm/core/libarch__arm__core.a(fatal.c.obj)
                0x0000000000001abc                z_arm_fatal_error
 .text.z_SysNmiOnReset
                0x0000000000001b74        0x8 zephyr/arch/arch/arm/core/libarch__arm__core.a(nmi_on_reset.S.obj)
                0x0000000000001b74                z_SysNmiOnReset
 .text.arch_tls_stack_setup
                0x0000000000001b7c       0x40 zephyr/arch/arch/arm/core/libarch__arm__core.a(tls.c.obj)
                0x0000000000001b7c                arch_tls_stack_setup
 .text._HandlerModeExit
                0x0000000000001bbc       0x20 zephyr/arch/arch/arm/core/cortex_m/libarch__arm__core__cortex_m.a(exc_exit.c.obj)
                0x0000000000001bbc                z_arm_int_exit
                0x0000000000001bbc                z_arm_exc_exit
 .text.bus_fault.constprop.0
                0x0000000000001bdc       0xd0 zephyr/arch/arch/arm/core/cortex_m/libarch__arm__core__cortex_m.a(fault.c.obj)
 .text.usage_fault.constprop.0
                0x0000000000001cac       0xa8 zephyr/arch/arch/arm/core/cortex_m/libarch__arm__core__cortex_m.a(fault.c.obj)
 .text.mem_manage_fault
                0x0000000000001d54      0x104 zephyr/arch/arch/arm/core/cortex_m/libarch__arm__core__cortex_m.a(fault.c.obj)
 .text.z_arm_fault
                0x0000000000001e58      0x1d4 zephyr/arch/arch/arm/core/cortex_m/libarch__arm__core__cortex_m.a(fault.c.obj)
                0x0000000000001e58                z_arm_fault
 .text.z_arm_fault_init
                0x000000000000202c       0x18 zephyr/arch/arch/arm/core/cortex_m/libarch__arm__core__cortex_m.a(fault.c.obj)
                0x000000000000202c                z_arm_fault_init
 .text.__fault  0x0000000000002044       0x14 zephyr/arch/arch/arm/core/cortex_m/libarch__arm__core__cortex_m.a(fault_s.S.obj)
                0x0000000000002044                z_arm_usage_fault
                0x0000000000002044                z_arm_mpu_fault
                0x0000000000002044                z_arm_exc_spurious
                0x0000000000002044                z_arm_debug_monitor
                0x0000000000002044                z_arm_hard_fault
                0x0000000000002044                z_arm_bus_fault
 .text._reset_section
                0x0000000000002058       0x30 zephyr/arch/arch/arm/core/cortex_m/libarch__arm__core__cortex_m.a(reset.S.obj)
                0x0000000000002058                __start
                0x0000000000002058                z_arm_reset
 .text.z_impl_k_thread_abort
                0x0000000000002088       0x2c zephyr/arch/arch/arm/core/cortex_m/libarch__arm__core__cortex_m.a(thread_abort.c.obj)
                0x0000000000002088                z_impl_k_thread_abort
 .text.z_arm_pendsv
                0x00000000000020b4       0x60 zephyr/arch/arch/arm/core/cortex_m/libarch__arm__core__cortex_m.a(swap_helper.S.obj)
                0x00000000000020b4                z_arm_pendsv
 .text.z_arm_svc
                0x0000000000002114       0x24 zephyr/arch/arch/arm/core/cortex_m/libarch__arm__core__cortex_m.a(swap_helper.S.obj)
                0x0000000000002114                z_arm_svc
 .text.arch_irq_enable
                0x0000000000002138       0x1c zephyr/arch/arch/arm/core/cortex_m/libarch__arm__core__cortex_m.a(irq_manage.c.obj)
                0x0000000000002138                arch_irq_enable
 .text.arch_irq_disable
                0x0000000000002154       0x28 zephyr/arch/arch/arm/core/cortex_m/libarch__arm__core__cortex_m.a(irq_manage.c.obj)
                0x0000000000002154                arch_irq_disable
 .text.arch_irq_is_enabled
                0x000000000000217c       0x1c zephyr/arch/arch/arm/core/cortex_m/libarch__arm__core__cortex_m.a(irq_manage.c.obj)
                0x000000000000217c                arch_irq_is_enabled
 .text.z_arm_irq_priority_set
                0x0000000000002198       0x30 zephyr/arch/arch/arm/core/cortex_m/libarch__arm__core__cortex_m.a(irq_manage.c.obj)
                0x0000000000002198                z_arm_irq_priority_set
 .text.z_prep_c
                0x00000000000021c8       0x48 zephyr/arch/arch/arm/core/cortex_m/libarch__arm__core__cortex_m.a(prep_c.c.obj)
                0x00000000000021c8                z_prep_c
 .text.arch_new_thread
                0x0000000000002210       0x38 zephyr/arch/arch/arm/core/cortex_m/libarch__arm__core__cortex_m.a(thread.c.obj)
                0x0000000000002210                arch_new_thread
 .text.z_check_thread_stack_fail
                0x0000000000002248       0x2c zephyr/arch/arch/arm/core/cortex_m/libarch__arm__core__cortex_m.a(thread.c.obj)
                0x0000000000002248                z_check_thread_stack_fail
 .text.arch_switch_to_main_thread
                0x0000000000002274       0x3c zephyr/arch/arch/arm/core/cortex_m/libarch__arm__core__cortex_m.a(thread.c.obj)
                0x0000000000002274                arch_switch_to_main_thread
 .text.z_arm_cpu_idle_init
                0x00000000000022b0        0xc zephyr/arch/arch/arm/core/cortex_m/libarch__arm__core__cortex_m.a(cpu_idle.c.obj)
                0x00000000000022b0                z_arm_cpu_idle_init
 .text.z_arm_interrupt_init
                0x00000000000022bc       0x18 zephyr/arch/arch/arm/core/cortex_m/libarch__arm__core__cortex_m.a(irq_init.c.obj)
                0x00000000000022bc                z_arm_interrupt_init
 .text._isr_wrapper
                0x00000000000022d4       0x24 zephyr/arch/arch/arm/core/cortex_m/libarch__arm__core__cortex_m.a(isr_wrapper.c.obj)
                0x00000000000022d4                _isr_wrapper
 .text.z_arm_configure_static_mpu_regions
                0x00000000000022f8       0x18 zephyr/arch/arch/arm/core/mpu/libarch__arm__core__mpu.a(arm_core_mpu.c.obj)
                0x00000000000022f8                z_arm_configure_static_mpu_regions
 .text.z_arm_configure_dynamic_mpu_regions
                0x0000000000002310       0x20 zephyr/arch/arch/arm/core/mpu/libarch__arm__core__mpu.a(arm_core_mpu.c.obj)
                0x0000000000002310                z_arm_configure_dynamic_mpu_regions
 .text.region_allocate_and_init
                0x0000000000002330       0x54 zephyr/arch/arch/arm/core/mpu/libarch__arm__core__mpu.a(arm_mpu.c.obj)
 .text.mpu_configure_regions
                0x0000000000002384       0x68 zephyr/arch/arch/arm/core/mpu/libarch__arm__core__mpu.a(arm_mpu.c.obj)
 .text.arm_core_mpu_enable
                0x00000000000023ec       0x18 zephyr/arch/arch/arm/core/mpu/libarch__arm__core__mpu.a(arm_mpu.c.obj)
                0x00000000000023ec                arm_core_mpu_enable
 .text.arm_core_mpu_disable
                0x0000000000002404       0x14 zephyr/arch/arch/arm/core/mpu/libarch__arm__core__mpu.a(arm_mpu.c.obj)
                0x0000000000002404                arm_core_mpu_disable
 .text.arm_core_mpu_configure_static_mpu_regions
                0x0000000000002418       0x14 zephyr/arch/arch/arm/core/mpu/libarch__arm__core__mpu.a(arm_mpu.c.obj)
                0x0000000000002418                arm_core_mpu_configure_static_mpu_regions
 .text.arm_core_mpu_configure_dynamic_mpu_regions
                0x000000000000242c       0x38 zephyr/arch/arch/arm/core/mpu/libarch__arm__core__mpu.a(arm_mpu.c.obj)
                0x000000000000242c                arm_core_mpu_configure_dynamic_mpu_regions
 .text.z_arm_mpu_init
                0x0000000000002464      0x17c zephyr/arch/arch/arm/core/mpu/libarch__arm__core__mpu.a(arm_mpu.c.obj)
                0x0000000000002464                z_arm_mpu_init
 .text.cbvprintf
                0x00000000000025e0       0x38 zephyr/lib/libc/picolibc/liblib__libc__picolibc.a(cbprintf.c.obj)
                0x00000000000025e0                cbvprintf
 .text.z_impl_zephyr_fputc
                0x0000000000002618       0x10 zephyr/lib/libc/picolibc/liblib__libc__picolibc.a(stdio.c.obj)
                0x0000000000002618                z_impl_zephyr_fputc
 .text.__stdout_hook_install
                0x0000000000002628       0x18 zephyr/lib/libc/picolibc/liblib__libc__picolibc.a(stdio.c.obj)
                0x0000000000002628                __stdout_hook_install
 .text.malloc_prepare
                0x0000000000002640       0x24 zephyr/lib/libc/common/liblib__libc__common.a(malloc.c.obj)
 .text.nordicsemi_nrf52_init
                0x0000000000002664       0x44 zephyr/soc/soc/nrf52840/libsoc__nordic.a(soc.c.obj)
 .text.arch_busy_wait
                0x00000000000026a8       0x14 zephyr/soc/soc/nrf52840/libsoc__nordic.a(soc.c.obj)
                0x00000000000026a8                arch_busy_wait
 .text.pdm_nrfx_init0
                0x00000000000026bc       0x60 zephyr/drivers/audio/libdrivers__audio.a(dmic_nrfx_pdm.c.obj)
 .text.dmic_nrfx_pdm_read
                0x000000000000271c       0x70 zephyr/drivers/audio/libdrivers__audio.a(dmic_nrfx_pdm.c.obj)
 .text.dmic_nrfx_pdm_configure
                0x000000000000278c      0x234 zephyr/drivers/audio/libdrivers__audio.a(dmic_nrfx_pdm.c.obj)
 .text.start_transfer
                0x00000000000029c0       0x48 zephyr/drivers/audio/libdrivers__audio.a(dmic_nrfx_pdm.c.obj)
 .text.dmic_nrfx_pdm_trigger
                0x0000000000002a08       0xbc zephyr/drivers/audio/libdrivers__audio.a(dmic_nrfx_pdm.c.obj)
 .text.event_handler0
                0x0000000000002ac4      0x120 zephyr/drivers/audio/libdrivers__audio.a(dmic_nrfx_pdm.c.obj)
 .text.onoff_stop
                0x0000000000002be4       0x30 zephyr/drivers/clock_control/libdrivers__clock_control.a(clock_control_nrf.c.obj)
 .text.onoff_start
                0x0000000000002c14       0x44 zephyr/drivers/clock_control/libdrivers__clock_control.a(clock_control_nrf.c.obj)
 .text.generic_hfclk_stop
                0x0000000000002c58       0x34 zephyr/drivers/clock_control/libdrivers__clock_control.a(clock_control_nrf.c.obj)
 .text.clk_init
                0x0000000000002c8c       0x58 zephyr/drivers/clock_control/libdrivers__clock_control.a(clock_control_nrf.c.obj)
 .text.api_blocking_start
                0x0000000000002ce4       0x34 zephyr/drivers/clock_control/libdrivers__clock_control.a(clock_control_nrf.c.obj)
 .text.clkstarted_handle.constprop.0
                0x0000000000002d18       0x4c zephyr/drivers/clock_control/libdrivers__clock_control.a(clock_control_nrf.c.obj)
 .text.generic_hfclk_start
                0x0000000000002d64       0x78 zephyr/drivers/clock_control/libdrivers__clock_control.a(clock_control_nrf.c.obj)
 .text.clock_event_handler
                0x0000000000002ddc       0x1c zephyr/drivers/clock_control/libdrivers__clock_control.a(clock_control_nrf.c.obj)
 .text.z_nrf_clock_control_get_onoff
                0x0000000000002df8       0x10 zephyr/drivers/clock_control/libdrivers__clock_control.a(clock_control_nrf.c.obj)
                0x0000000000002df8                z_nrf_clock_control_get_onoff
 .text.z_nrf_clock_control_lf_on
                0x0000000000002e08       0xfc zephyr/drivers/clock_control/libdrivers__clock_control.a(clock_control_nrf.c.obj)
                0x0000000000002e08                z_nrf_clock_control_lf_on
 .text.uart_console_init
                0x0000000000002f04       0x28 zephyr/drivers/console/libdrivers__console.a(uart_console.c.obj)
 .text.console_out
                0x0000000000002f2c       0x28 zephyr/drivers/console/libdrivers__console.a(uart_console.c.obj)
 .text.gpio_nrfx_pin_interrupt_configure
                0x0000000000002f54      0x100 zephyr/drivers/gpio/libdrivers__gpio.a(gpio_nrfx.c.obj)
 .text.gpio_nrfx_init
                0x0000000000003054       0x48 zephyr/drivers/gpio/libdrivers__gpio.a(gpio_nrfx.c.obj)
 .text.nrfx_gpio_handler
                0x000000000000309c       0x4c zephyr/drivers/gpio/libdrivers__gpio.a(gpio_nrfx.c.obj)
 .text.gpio_nrfx_pin_configure
                0x00000000000030e8      0x18c zephyr/drivers/gpio/libdrivers__gpio.a(gpio_nrfx.c.obj)
 .text.nrf_gpio_pin_port_decode
                0x0000000000003274       0x20 zephyr/drivers/pinctrl/libdrivers__pinctrl.a(pinctrl_nrf.c.obj)
 .text.pinctrl_configure_pins
                0x0000000000003294      0x1b4 zephyr/drivers/pinctrl/libdrivers__pinctrl.a(pinctrl_nrf.c.obj)
                0x0000000000003294                pinctrl_configure_pins
 .text.uarte_nrfx_poll_out
                0x0000000000003448       0xb4 zephyr/drivers/serial/libdrivers__serial.a(uart_nrfx_uarte.c.obj)
 .text.uarte_0_init
                0x00000000000034fc      0x11c zephyr/drivers/serial/libdrivers__serial.a(uart_nrfx_uarte.c.obj)
 .text.compare_int_lock
                0x0000000000003618       0x48 zephyr/drivers/timer/libdrivers__timer.a(nrf_rtc_timer.c.obj)
 .text.sys_clock_timeout_handler
                0x0000000000003660       0x48 zephyr/drivers/timer/libdrivers__timer.a(nrf_rtc_timer.c.obj)
 .text.compare_int_unlock
                0x00000000000036a8       0x5c zephyr/drivers/timer/libdrivers__timer.a(nrf_rtc_timer.c.obj)
 .text.z_nrf_rtc_timer_read
                0x0000000000003704       0x44 zephyr/drivers/timer/libdrivers__timer.a(nrf_rtc_timer.c.obj)
                0x0000000000003704                z_nrf_rtc_timer_read
 .text.compare_set
                0x0000000000003748      0x130 zephyr/drivers/timer/libdrivers__timer.a(nrf_rtc_timer.c.obj)
 .text.sys_clock_driver_init
                0x0000000000003878       0x90 zephyr/drivers/timer/libdrivers__timer.a(nrf_rtc_timer.c.obj)
 .text.rtc_nrf_isr
                0x0000000000003908       0xd4 zephyr/drivers/timer/libdrivers__timer.a(nrf_rtc_timer.c.obj)
                0x0000000000003908                rtc_nrf_isr
 .text.sys_clock_set_timeout
                0x00000000000039dc       0x5c zephyr/drivers/timer/libdrivers__timer.a(nrf_rtc_timer.c.obj)
                0x00000000000039dc                sys_clock_set_timeout
 .text.sys_clock_elapsed
                0x0000000000003a38       0x14 zephyr/drivers/timer/libdrivers__timer.a(nrf_rtc_timer.c.obj)
                0x0000000000003a38                sys_clock_elapsed
 .text.nrf52_errata_98
                0x0000000000003a4c       0x24 modules/hal_nordic/nrfx/libmodules__hal_nordic__nrfx.a(system_nrf52840.c.obj)
 .text.nvmc_wait
                0x0000000000003a70       0x10 modules/hal_nordic/nrfx/libmodules__hal_nordic__nrfx.a(system_nrf52840.c.obj)
                0x0000000000003a70                nvmc_wait
 .text.SystemInit
                0x0000000000003a80      0x1bc modules/hal_nordic/nrfx/libmodules__hal_nordic__nrfx.a(system_nrf52840.c.obj)
                0x0000000000003a80                SystemInit
 .text.nrfx_flag32_alloc
                0x0000000000003c3c       0x48 modules/hal_nordic/nrfx/libmodules__hal_nordic__nrfx.a(nrfx_flag32_allocator.c.obj)
                0x0000000000003c3c                nrfx_flag32_alloc
 .text.nrfx_flag32_free
                0x0000000000003c84       0x40 modules/hal_nordic/nrfx/libmodules__hal_nordic__nrfx.a(nrfx_flag32_allocator.c.obj)
                0x0000000000003c84                nrfx_flag32_free
 .text.nrfx_gppi_channels_enable
                0x0000000000003cc4        0xc modules/hal_nordic/nrfx/libmodules__hal_nordic__nrfx.a(nrfx_gppi_ppi.c.obj)
                0x0000000000003cc4                nrfx_gppi_channels_enable
 .text.clock_stop
                0x0000000000003cd0       0xc4 modules/hal_nordic/nrfx/libmodules__hal_nordic__nrfx.a(nrfx_clock.c.obj)
 .text.nrfx_clock_init
                0x0000000000003d94       0x20 modules/hal_nordic/nrfx/libmodules__hal_nordic__nrfx.a(nrfx_clock.c.obj)
                0x0000000000003d94                nrfx_clock_init
 .text.nrfx_clock_enable
                0x0000000000003db4       0x24 modules/hal_nordic/nrfx/libmodules__hal_nordic__nrfx.a(nrfx_clock.c.obj)
                0x0000000000003db4                nrfx_clock_enable
 .text.nrfx_clock_start
                0x0000000000003dd8       0xa8 modules/hal_nordic/nrfx/libmodules__hal_nordic__nrfx.a(nrfx_clock.c.obj)
                0x0000000000003dd8                nrfx_clock_start
 .text.nrfx_power_clock_irq_handler
                0x0000000000003e80       0x68 modules/hal_nordic/nrfx/libmodules__hal_nordic__nrfx.a(nrfx_clock.c.obj)
                0x0000000000003e80                nrfx_power_clock_irq_handler
 .text.nrf_gpio_pin_port_decode
                0x0000000000003ee8       0x20 modules/hal_nordic/nrfx/libmodules__hal_nordic__nrfx.a(nrfx_gpiote.c.obj)
 .text.get_pin_idx
                0x0000000000003f08       0x14 modules/hal_nordic/nrfx/libmodules__hal_nordic__nrfx.a(nrfx_gpiote.c.obj)
 .text.call_handler.constprop.0
                0x0000000000003f1c       0x40 modules/hal_nordic/nrfx/libmodules__hal_nordic__nrfx.a(nrfx_gpiote.c.obj)
 .text.pin_te_get.constprop.0
                0x0000000000003f5c       0x18 modules/hal_nordic/nrfx/libmodules__hal_nordic__nrfx.a(nrfx_gpiote.c.obj)
 .text.pin_is_output.constprop.0
                0x0000000000003f74       0x18 modules/hal_nordic/nrfx/libmodules__hal_nordic__nrfx.a(nrfx_gpiote.c.obj)
 .text.pin_in_use_by_te.constprop.0
                0x0000000000003f8c       0x18 modules/hal_nordic/nrfx/libmodules__hal_nordic__nrfx.a(nrfx_gpiote.c.obj)
 .text.latch_pending_read_and_check
                0x0000000000003fa4       0x40 modules/hal_nordic/nrfx/libmodules__hal_nordic__nrfx.a(nrfx_gpiote.c.obj)
 .text.release_handler.isra.0
                0x0000000000003fe4       0x58 modules/hal_nordic/nrfx/libmodules__hal_nordic__nrfx.a(nrfx_gpiote.c.obj)
 .text.__nrfy_internal_gpiote_events_process.constprop.0
                0x000000000000403c       0x5c modules/hal_nordic/nrfx/libmodules__hal_nordic__nrfx.a(nrfx_gpiote.c.obj)
 .text.pin_uninit
                0x0000000000004098       0x80 modules/hal_nordic/nrfx/libmodules__hal_nordic__nrfx.a(nrfx_gpiote.c.obj)
 .text.nrfx_gpiote_input_configure
                0x0000000000004118      0x174 modules/hal_nordic/nrfx/libmodules__hal_nordic__nrfx.a(nrfx_gpiote.c.obj)
                0x0000000000004118                nrfx_gpiote_input_configure
 .text.nrfx_gpiote_output_configure
                0x000000000000428c       0xfc modules/hal_nordic/nrfx/libmodules__hal_nordic__nrfx.a(nrfx_gpiote.c.obj)
                0x000000000000428c                nrfx_gpiote_output_configure
 .text.nrfx_gpiote_global_callback_set
                0x0000000000004388        0xc modules/hal_nordic/nrfx/libmodules__hal_nordic__nrfx.a(nrfx_gpiote.c.obj)
                0x0000000000004388                nrfx_gpiote_global_callback_set
 .text.nrfx_gpiote_channel_get
                0x0000000000004394       0x34 modules/hal_nordic/nrfx/libmodules__hal_nordic__nrfx.a(nrfx_gpiote.c.obj)
                0x0000000000004394                nrfx_gpiote_channel_get
 .text.nrfx_gpiote_init
                0x00000000000043c8       0x68 modules/hal_nordic/nrfx/libmodules__hal_nordic__nrfx.a(nrfx_gpiote.c.obj)
                0x00000000000043c8                nrfx_gpiote_init
 .text.nrfx_gpiote_init_check
                0x0000000000004430       0x14 modules/hal_nordic/nrfx/libmodules__hal_nordic__nrfx.a(nrfx_gpiote.c.obj)
                0x0000000000004430                nrfx_gpiote_init_check
 .text.nrfx_gpiote_channel_free
                0x0000000000004444        0xc modules/hal_nordic/nrfx/libmodules__hal_nordic__nrfx.a(nrfx_gpiote.c.obj)
                0x0000000000004444                nrfx_gpiote_channel_free
 .text.nrfx_gpiote_channel_alloc
                0x0000000000004450        0xc modules/hal_nordic/nrfx/libmodules__hal_nordic__nrfx.a(nrfx_gpiote.c.obj)
                0x0000000000004450                nrfx_gpiote_channel_alloc
 .text.nrfx_gpiote_trigger_enable
                0x000000000000445c       0xb0 modules/hal_nordic/nrfx/libmodules__hal_nordic__nrfx.a(nrfx_gpiote.c.obj)
                0x000000000000445c                nrfx_gpiote_trigger_enable
 .text.nrfx_gpiote_0_irq_handler
                0x000000000000450c      0x1bc modules/hal_nordic/nrfx/libmodules__hal_nordic__nrfx.a(nrfx_gpiote.c.obj)
                0x000000000000450c                nrfx_gpiote_0_irq_handler
 .text.nrf_gpio_pin_port_decode
                0x00000000000046c8       0x20 modules/hal_nordic/nrfx/libmodules__hal_nordic__nrfx.a(nrfx_pdm.c.obj)
 .text.pdm_configure
                0x00000000000046e8       0xdc modules/hal_nordic/nrfx/libmodules__hal_nordic__nrfx.a(nrfx_pdm.c.obj)
 .text.nrf_gpio_cfg_default
                0x00000000000047c4       0x2c modules/hal_nordic/nrfx/libmodules__hal_nordic__nrfx.a(nrfx_pdm.c.obj)
 .text.nrfx_pdm_init
                0x00000000000047f0       0x48 modules/hal_nordic/nrfx/libmodules__hal_nordic__nrfx.a(nrfx_pdm.c.obj)
                0x00000000000047f0                nrfx_pdm_init
 .text.nrfx_pdm_uninit
                0x0000000000004838       0x3c modules/hal_nordic/nrfx/libmodules__hal_nordic__nrfx.a(nrfx_pdm.c.obj)
                0x0000000000004838                nrfx_pdm_uninit
 .text.nrfx_pdm_start
                0x0000000000004874       0x4c modules/hal_nordic/nrfx/libmodules__hal_nordic__nrfx.a(nrfx_pdm.c.obj)
                0x0000000000004874                nrfx_pdm_start
 .text.nrfx_pdm_buffer_set
                0x00000000000048c0       0x9c modules/hal_nordic/nrfx/libmodules__hal_nordic__nrfx.a(nrfx_pdm.c.obj)
                0x00000000000048c0                nrfx_pdm_buffer_set
 .text.nrfx_pdm_stop
                0x000000000000495c       0x40 modules/hal_nordic/nrfx/libmodules__hal_nordic__nrfx.a(nrfx_pdm.c.obj)
                0x000000000000495c                nrfx_pdm_stop
 .text.nrfx_pdm_0_irq_handler
                0x000000000000499c      0x10c modules/hal_nordic/nrfx/libmodules__hal_nordic__nrfx.a(nrfx_pdm.c.obj)
                0x000000000000499c                nrfx_pdm_0_irq_handler
 .text.nrfx_ppi_channel_alloc
                0x0000000000004aa8        0xc modules/hal_nordic/nrfx/libmodules__hal_nordic__nrfx.a(nrfx_ppi.c.obj)
                0x0000000000004aa8                nrfx_ppi_channel_alloc
 .text._DoInit  0x0000000000004ab4       0x60 modules/segger/libmodules__segger.a(SEGGER_RTT.c.obj)
 .text.SEGGER_RTT_WriteSkipNoLock
                0x0000000000004b14       0x88 modules/segger/libmodules__segger.a(SEGGER_RTT.c.obj)
                0x0000000000004b14                SEGGER_RTT_WriteSkipNoLock
 .text.SEGGER_RTT_HasDataUp
                0x0000000000004b9c       0x14 modules/segger/libmodules__segger.a(SEGGER_RTT.c.obj)
                0x0000000000004b9c                SEGGER_RTT_HasDataUp
 .text.SEGGER_RTT_Init
                0x0000000000004bb0       0x2c modules/segger/libmodules__segger.a(SEGGER_RTT.c.obj)
                0x0000000000004bb0                SEGGER_RTT_Init
 .text.k_sys_fatal_error_handler
                0x0000000000004bdc       0x20 zephyr/kernel/libkernel.a(fatal.c.obj)
                0x0000000000004bdc                k_sys_fatal_error_handler
 .text.z_fatal_error
                0x0000000000004bfc       0xe8 zephyr/kernel/libkernel.a(fatal.c.obj)
                0x0000000000004bfc                z_fatal_error
 .text.z_sys_init_run_level
                0x0000000000004ce4       0x2c zephyr/kernel/libkernel.a(init.c.obj)
 .text.bg_thread_main
                0x0000000000004d10       0xc4 zephyr/kernel/libkernel.a(init.c.obj)
 .text.z_bss_zero
                0x0000000000004dd4       0x18 zephyr/kernel/libkernel.a(init.c.obj)
                0x0000000000004dd4                z_bss_zero
 .text.z_init_cpu
                0x0000000000004dec       0x70 zephyr/kernel/libkernel.a(init.c.obj)
                0x0000000000004dec                z_init_cpu
 .text.z_cstart
                0x0000000000004e5c       0xd4 zephyr/kernel/libkernel.a(init.c.obj)
                0x0000000000004e5c                z_cstart
 .text.statics_init
                0x0000000000004f30       0x24 zephyr/kernel/libkernel.a(kheap.c.obj)
 .text.init_mem_slab_obj_core_list
                0x0000000000004f54       0x24 zephyr/kernel/libkernel.a(mem_slab.c.obj)
 .text.k_mem_slab_alloc
                0x0000000000004f78       0x5c zephyr/kernel/libkernel.a(mem_slab.c.obj)
                0x0000000000004f78                k_mem_slab_alloc
 .text.z_impl_k_msgq_put
                0x0000000000004fd4       0xb0 zephyr/kernel/libkernel.a(msg_q.c.obj)
                0x0000000000004fd4                z_impl_k_msgq_put
 .text.z_impl_k_msgq_get
                0x0000000000005084       0xc4 zephyr/kernel/libkernel.a(msg_q.c.obj)
                0x0000000000005084                z_impl_k_msgq_get
 .text.z_impl_k_sem_give
                0x0000000000005148       0x68 zephyr/kernel/libkernel.a(sem.c.obj)
                0x0000000000005148                z_impl_k_sem_give
 .text.z_impl_k_sem_take
                0x00000000000051b0       0x4c zephyr/kernel/libkernel.a(sem.c.obj)
                0x00000000000051b0                z_impl_k_sem_take
 .text.z_setup_new_thread
                0x00000000000051fc       0x98 zephyr/kernel/libkernel.a(thread.c.obj)
                0x00000000000051fc                z_setup_new_thread
 .text.z_impl_k_thread_create
                0x0000000000005294       0x58 zephyr/kernel/libkernel.a(thread.c.obj)
                0x0000000000005294                z_impl_k_thread_create
 .text.z_dummy_thread_init
                0x00000000000052ec       0x18 zephyr/kernel/libkernel.a(thread.c.obj)
                0x00000000000052ec                z_dummy_thread_init
 .text.z_swap_irqlock
                0x0000000000005304       0x30 zephyr/kernel/libkernel.a(sched.c.obj)
 .text.ready_thread
                0x0000000000005334       0x84 zephyr/kernel/libkernel.a(sched.c.obj)
 .text.unready_thread
                0x00000000000053b8       0x54 zephyr/kernel/libkernel.a(sched.c.obj)
 .text.move_thread_to_end_of_prio_q
                0x000000000000540c       0x90 zephyr/kernel/libkernel.a(sched.c.obj)
                0x000000000000540c                move_thread_to_end_of_prio_q
 .text.z_pend_curr
                0x000000000000549c       0x58 zephyr/kernel/libkernel.a(sched.c.obj)
                0x000000000000549c                z_pend_curr
 .text.z_reschedule
                0x00000000000054f4       0x24 zephyr/kernel/libkernel.a(sched.c.obj)
                0x00000000000054f4                z_reschedule
 .text.z_reschedule_irqlock
                0x0000000000005518       0x28 zephyr/kernel/libkernel.a(sched.c.obj)
                0x0000000000005518                z_reschedule_irqlock
 .text.k_sched_lock
                0x0000000000005540       0x28 zephyr/kernel/libkernel.a(sched.c.obj)
                0x0000000000005540                k_sched_lock
 .text.k_sched_unlock
                0x0000000000005568       0x68 zephyr/kernel/libkernel.a(sched.c.obj)
                0x0000000000005568                k_sched_unlock
 .text.z_sched_init
                0x00000000000055d0       0x10 zephyr/kernel/libkernel.a(sched.c.obj)
                0x00000000000055d0                z_sched_init
 .text.z_impl_k_yield
                0x00000000000055e0       0x88 zephyr/kernel/libkernel.a(sched.c.obj)
                0x00000000000055e0                z_impl_k_yield
 .text.z_tick_sleep
                0x0000000000005668       0x80 zephyr/kernel/libkernel.a(sched.c.obj)
 .text.z_impl_k_wakeup
                0x00000000000056e8       0x48 zephyr/kernel/libkernel.a(sched.c.obj)
                0x00000000000056e8                z_impl_k_wakeup
 .text.z_impl_k_sched_current_thread_query
                0x0000000000005730        0xc zephyr/kernel/libkernel.a(sched.c.obj)
                0x0000000000005730                z_impl_k_sched_current_thread_query
 .text.z_thread_abort
                0x000000000000573c      0x138 zephyr/kernel/libkernel.a(sched.c.obj)
                0x000000000000573c                z_thread_abort
 .text.slice_timeout
                0x0000000000005874       0x20 zephyr/kernel/libkernel.a(timeslicing.c.obj)
 .text.thread_is_sliceable
                0x0000000000005894       0x3c zephyr/kernel/libkernel.a(timeslicing.c.obj)
                0x0000000000005894                thread_is_sliceable
 .text.z_reset_time_slice
                0x00000000000058d0       0x50 zephyr/kernel/libkernel.a(timeslicing.c.obj)
                0x00000000000058d0                z_reset_time_slice
 .text.z_time_slice
                0x0000000000005920       0x60 zephyr/kernel/libkernel.a(timeslicing.c.obj)
                0x0000000000005920                z_time_slice
 .text.z_data_copy
                0x0000000000005980       0x38 zephyr/kernel/libkernel.a(xip.c.obj)
                0x0000000000005980                z_data_copy
 .text.first    0x00000000000059b8       0x10 zephyr/kernel/libkernel.a(timeout.c.obj)
 .text.elapsed  0x00000000000059c8       0x14 zephyr/kernel/libkernel.a(timeout.c.obj)
 .text.remove_timeout
                0x00000000000059dc       0x38 zephyr/kernel/libkernel.a(timeout.c.obj)
 .text.z_add_timeout
                0x0000000000005a14       0xec zephyr/kernel/libkernel.a(timeout.c.obj)
                0x0000000000005a14                z_add_timeout
 .text.sys_clock_announce
                0x0000000000005b00       0xbc zephyr/kernel/libkernel.a(timeout.c.obj)
                0x0000000000005b00                sys_clock_announce
 .text.sys_clock_tick_get
                0x0000000000005bbc       0x30 zephyr/kernel/libkernel.a(timeout.c.obj)
                0x0000000000005bbc                sys_clock_tick_get
 .text.z_timer_expiration_handler
                0x0000000000005bec       0xe0 zephyr/kernel/libkernel.a(timer.c.obj)
                0x0000000000005bec                z_timer_expiration_handler
 .text.z_impl_k_timer_start
                0x0000000000005ccc       0x74 zephyr/kernel/libkernel.a(timer.c.obj)
                0x0000000000005ccc                z_impl_k_timer_start
 .text.boot_banner
                0x0000000000005d40        0xc zephyr/kernel/libkernel.a(banner.c.obj)
                0x0000000000005d40                boot_banner
 .text.snprintf
                0x0000000000005d4c       0x58 c:\users\brandon.edmonds\dev\tooling\nordic\ncs\toolchains\b620d30767\opt\zephyr-sdk\arm-zephyr-eabi\bin\../lib/gcc/../../picolibc/arm-zephyr-eabi/lib/thumb/v7e-m/nofp\libc.a(libc_tinystdio_snprintf.c.o)
                0x0000000000005d4c                snprintf
 .text.__l_vfprintf
                0x0000000000005da4      0x4b8 c:\users\brandon.edmonds\dev\tooling\nordic\ncs\toolchains\b620d30767\opt\zephyr-sdk\arm-zephyr-eabi\bin\../lib/gcc/../../picolibc/arm-zephyr-eabi/lib/thumb/v7e-m/nofp\libc.a(libc_tinystdio_vflprintf.c.o)
                0x0000000000005da4                __l_vfprintf
 .text._OffsetAbsSyms
                0x000000000000625c        0x2 zephyr/CMakeFiles/offsets.dir/./arch/arm/core/offsets/offsets.c.obj
                0x000000000000625c                _OffsetAbsSyms
 .text.chunk_size
                0x000000000000625e        0xa zephyr/libzephyr.a(heap.c.obj)
 .text.free_list_add
                0x0000000000006268       0x4e zephyr/libzephyr.a(heap.c.obj)
 .text.sys_heap_init
                0x00000000000062b6       0x7a zephyr/libzephyr.a(heap.c.obj)
                0x00000000000062b6                sys_heap_init
 .text.cbpprintf_external
                0x0000000000006330       0x62 zephyr/libzephyr.a(cbprintf_packaged.c.obj)
                0x0000000000006330                cbpprintf_external
 .text.is_ptr   0x0000000000006392       0x4a zephyr/libzephyr.a(cbprintf_packaged.c.obj)
                0x0000000000006392                is_ptr
 .text.arch_printk_char_out
                0x00000000000063dc        0x4 zephyr/libzephyr.a(printk.c.obj)
                0x00000000000063dc                arch_printk_char_out
 .text.printk   0x00000000000063e0       0x1a zephyr/libzephyr.a(printk.c.obj)
                0x00000000000063e0                printk
 .text.free_space
                0x00000000000063fa       0x26 zephyr/libzephyr.a(mpsc_pbuf.c.obj)
 .text.get_usage
                0x0000000000006420       0x22 zephyr/libzephyr.a(mpsc_pbuf.c.obj)
 .text.idx_inc  0x0000000000006442       0x1c zephyr/libzephyr.a(mpsc_pbuf.c.obj)
 .text.rd_idx_inc
                0x000000000000645e       0x18 zephyr/libzephyr.a(mpsc_pbuf.c.obj)
 .text.add_skip_item
                0x0000000000006476       0x3a zephyr/libzephyr.a(mpsc_pbuf.c.obj)
 .text.drop_item_locked
                0x00000000000064b0      0x100 zephyr/libzephyr.a(mpsc_pbuf.c.obj)
 .text.post_drop_action
                0x00000000000065b0       0x36 zephyr/libzephyr.a(mpsc_pbuf.c.obj)
 .text.max_utilization_update
                0x00000000000065e6       0x1a zephyr/libzephyr.a(mpsc_pbuf.c.obj)
 .text.mpsc_pbuf_init
                0x0000000000006600       0x42 zephyr/libzephyr.a(mpsc_pbuf.c.obj)
                0x0000000000006600                mpsc_pbuf_init
 .text.mpsc_pbuf_alloc
                0x0000000000006642       0xfe zephyr/libzephyr.a(mpsc_pbuf.c.obj)
                0x0000000000006642                mpsc_pbuf_alloc
 .text.mpsc_pbuf_commit
                0x0000000000006740       0x3e zephyr/libzephyr.a(mpsc_pbuf.c.obj)
                0x0000000000006740                mpsc_pbuf_commit
 .text.mpsc_pbuf_claim
                0x000000000000677e       0xa8 zephyr/libzephyr.a(mpsc_pbuf.c.obj)
                0x000000000000677e                mpsc_pbuf_claim
 .text.mpsc_pbuf_free
                0x0000000000006826       0x76 zephyr/libzephyr.a(mpsc_pbuf.c.obj)
                0x0000000000006826                mpsc_pbuf_free
 .text.mpsc_pbuf_is_pending
                0x000000000000689c       0x32 zephyr/libzephyr.a(mpsc_pbuf.c.obj)
                0x000000000000689c                mpsc_pbuf_is_pending
 .text.process_recheck
                0x00000000000068ce       0x38 zephyr/libzephyr.a(onoff.c.obj)
 .text.validate_args
                0x0000000000006906       0x20 zephyr/libzephyr.a(onoff.c.obj)
 .text.notify_one
                0x0000000000006926       0x2c zephyr/libzephyr.a(onoff.c.obj)
 .text.transition_complete
                0x0000000000006952       0x1a zephyr/libzephyr.a(onoff.c.obj)
 .text.onoff_manager_init
                0x000000000000696c       0x26 zephyr/libzephyr.a(onoff.c.obj)
                0x000000000000696c                onoff_manager_init
 .text.onoff_request
                0x0000000000006992       0xae zephyr/libzephyr.a(onoff.c.obj)
                0x0000000000006992                onoff_request
 .text.onoff_release
                0x0000000000006a40       0x48 zephyr/libzephyr.a(onoff.c.obj)
                0x0000000000006a40                onoff_release
 .text.sys_notify_validate
                0x0000000000006a88       0x22 zephyr/libzephyr.a(notify.c.obj)
                0x0000000000006a88                sys_notify_validate
 .text.sys_notify_finalize
                0x0000000000006aaa       0x1a zephyr/libzephyr.a(notify.c.obj)
                0x0000000000006aaa                sys_notify_finalize
 .text.ring_buf_area_claim
                0x0000000000006ac4       0x30 zephyr/libzephyr.a(ring_buffer.c.obj)
                0x0000000000006ac4                ring_buf_area_claim
 .text.ring_buf_put_claim
                0x0000000000006af4       0x1c zephyr/libzephyr.a(ring_buffer.c.obj)
 .text.ring_buf_area_finish
                0x0000000000006b10       0x2c zephyr/libzephyr.a(ring_buffer.c.obj)
                0x0000000000006b10                ring_buf_area_finish
 .text.ring_buf_put
                0x0000000000006b3c       0x40 zephyr/libzephyr.a(ring_buffer.c.obj)
                0x0000000000006b3c                ring_buf_put
 .text._ConfigAbsSyms
                0x0000000000006b7c        0x2 zephyr/libzephyr.a(configs.c.obj)
                0x0000000000006b7c                _ConfigAbsSyms
 .text.log_msg_generic_get_wlen
                0x0000000000006b7e       0x20 zephyr/libzephyr.a(log_core.c.obj)
 .text.dummy_timestamp
                0x0000000000006b9e        0x4 zephyr/libzephyr.a(log_core.c.obj)
 .text.default_get_timestamp
                0x0000000000006ba2        0x4 zephyr/libzephyr.a(log_core.c.obj)
 .text.atomic_inc
                0x0000000000006ba6       0x1a zephyr/libzephyr.a(log_core.c.obj)
 .text.z_log_vprintk
                0x0000000000006bc0       0x1c zephyr/libzephyr.a(log_core.c.obj)
                0x0000000000006bc0                z_log_vprintk
 .text.z_log_notify_drop
                0x0000000000006bdc        0x6 zephyr/libzephyr.a(log_core.c.obj)
 .text.z_log_get_tag
                0x0000000000006be2        0x4 zephyr/libzephyr.a(log_core.c.obj)
                0x0000000000006be2                z_log_get_tag
 .text.log_backend_enable
                0x0000000000006be6       0x12 zephyr/libzephyr.a(log_mgmt.c.obj)
                0x0000000000006be6                log_backend_enable
 .text.z_cbprintf_cpy
                0x0000000000006bf8       0x2c zephyr/libzephyr.a(log_msg.c.obj)
 .text.z_log_msg_finalize
                0x0000000000006c24       0x32 zephyr/libzephyr.a(log_msg.c.obj)
                0x0000000000006c24                z_log_msg_finalize
 .text.z_log_msg_simple_create
                0x0000000000006c56       0x6e zephyr/libzephyr.a(log_msg.c.obj)
 .text.z_impl_z_log_msg_simple_create_0
                0x0000000000006cc4       0x12 zephyr/libzephyr.a(log_msg.c.obj)
                0x0000000000006cc4                z_impl_z_log_msg_simple_create_0
 .text.z_impl_z_log_msg_simple_create_1
                0x0000000000006cd6       0x14 zephyr/libzephyr.a(log_msg.c.obj)
                0x0000000000006cd6                z_impl_z_log_msg_simple_create_1
 .text.z_impl_z_log_msg_simple_create_2
                0x0000000000006cea       0x18 zephyr/libzephyr.a(log_msg.c.obj)
                0x0000000000006cea                z_impl_z_log_msg_simple_create_2
 .text.log_output_write
                0x0000000000006d02       0x1c zephyr/libzephyr.a(log_output.c.obj)
 .text.log_output_flush
                0x0000000000006d1e       0x1a zephyr/libzephyr.a(log_output.c.obj)
 .text.out_func
                0x0000000000006d38       0x36 zephyr/libzephyr.a(log_output.c.obj)
 .text.cr_out_func
                0x0000000000006d6e       0x1c zephyr/libzephyr.a(log_output.c.obj)
 .text.log_output_msg_process
                0x0000000000006d8a       0x6a zephyr/libzephyr.a(log_output.c.obj)
                0x0000000000006d8a                log_output_msg_process
 .text.format_set
                0x0000000000006df4        0xc zephyr/libzephyr.a(log_backend_uart.c.obj)
 .text.log_backend_uart_init
                0x0000000000006e00        0xc zephyr/libzephyr.a(log_backend_uart.c.obj)
 .text.panic    0x0000000000006e0c       0x32 zephyr/libzephyr.a(log_backend_uart.c.obj)
 .text.dropped  0x0000000000006e3e        0xa zephyr/libzephyr.a(log_backend_uart.c.obj)
 .text.process  0x0000000000006e48       0x1e zephyr/libzephyr.a(log_backend_uart.c.obj)
 .text.z_do_kernel_oops
                0x0000000000006e66        0x8 zephyr/arch/arch/arm/core/libarch__arm__core.a(fatal.c.obj)
                0x0000000000006e66                z_do_kernel_oops
 .text.z_arm_nmi
                0x0000000000006e6e        0xe zephyr/arch/arch/arm/core/libarch__arm__core.a(nmi.c.obj)
                0x0000000000006e6e                z_arm_nmi
 .text.z_log_msg_simple_create_0.constprop.0
                0x0000000000006e7c        0x8 zephyr/arch/arch/arm/core/cortex_m/libarch__arm__core__cortex_m.a(fault.c.obj)
 .text.z_irq_spurious
                0x0000000000006e84        0x8 zephyr/arch/arch/arm/core/cortex_m/libarch__arm__core__cortex_m.a(irq_manage.c.obj)
                0x0000000000006e84                z_irq_spurious
 .text.arch_irq_unlock_outlined
                0x0000000000006e8c        0xe zephyr/arch/arch/arm/core/cortex_m/libarch__arm__core__cortex_m.a(thread.c.obj)
                0x0000000000006e8c                arch_irq_unlock_outlined
 .text.arch_cpu_idle
                0x0000000000006e9a       0x1a zephyr/arch/arch/arm/core/cortex_m/libarch__arm__core__cortex_m.a(cpu_idle.c.obj)
                0x0000000000006e9a                arch_cpu_idle
 .text.arch_cpu_atomic_idle
                0x0000000000006eb4       0x1e zephyr/arch/arch/arm/core/cortex_m/libarch__arm__core__cortex_m.a(cpu_idle.c.obj)
                0x0000000000006eb4                arch_cpu_atomic_idle
 .text.size_to_mpu_rasr_size
                0x0000000000006ed2       0x20 zephyr/arch/arch/arm/core/mpu/libarch__arm__core__mpu.a(arm_mpu.c.obj)
 .text.cbputc   0x0000000000006ef2        0xc zephyr/lib/libc/picolibc/liblib__libc__picolibc.a(cbprintf.c.obj)
 .text.picolibc_put
                0x0000000000006efe        0xa zephyr/lib/libc/picolibc/liblib__libc__picolibc.a(stdio.c.obj)
 .text.clock_started_callback
                0x0000000000006f08       0x16 zephyr/drivers/audio/libdrivers__audio.a(dmic_nrfx_pdm.c.obj)
 .text.get_status
                0x0000000000006f1e       0x12 zephyr/drivers/clock_control/libdrivers__clock_control.a(clock_control_nrf.c.obj)
 .text.stop     0x0000000000006f30       0x50 zephyr/drivers/clock_control/libdrivers__clock_control.a(clock_control_nrf.c.obj)
 .text.api_stop
                0x0000000000006f80        0x6 zephyr/drivers/clock_control/libdrivers__clock_control.a(clock_control_nrf.c.obj)
 .text.async_start
                0x0000000000006f86       0x5a zephyr/drivers/clock_control/libdrivers__clock_control.a(clock_control_nrf.c.obj)
 .text.api_start
                0x0000000000006fe0        0xe zephyr/drivers/clock_control/libdrivers__clock_control.a(clock_control_nrf.c.obj)
 .text.onoff_started_callback
                0x0000000000006fee       0x12 zephyr/drivers/clock_control/libdrivers__clock_control.a(clock_control_nrf.c.obj)
 .text.lfclk_start
                0x0000000000007000        0x6 zephyr/drivers/clock_control/libdrivers__clock_control.a(clock_control_nrf.c.obj)
 .text.lfclk_stop
                0x0000000000007006        0x6 zephyr/drivers/clock_control/libdrivers__clock_control.a(clock_control_nrf.c.obj)
 .text.blocking_start_callback
                0x000000000000700c        0x6 zephyr/drivers/clock_control/libdrivers__clock_control.a(clock_control_nrf.c.obj)
 .text.gpio_nrfx_port_get_raw
                0x0000000000007012        0xe zephyr/drivers/gpio/libdrivers__gpio.a(gpio_nrfx.c.obj)
 .text.gpio_nrfx_port_set_masked_raw
                0x0000000000007020       0x18 zephyr/drivers/gpio/libdrivers__gpio.a(gpio_nrfx.c.obj)
 .text.gpio_nrfx_port_set_bits_raw
                0x0000000000007038        0xc zephyr/drivers/gpio/libdrivers__gpio.a(gpio_nrfx.c.obj)
 .text.gpio_nrfx_port_clear_bits_raw
                0x0000000000007044        0xc zephyr/drivers/gpio/libdrivers__gpio.a(gpio_nrfx.c.obj)
 .text.gpio_nrfx_port_toggle_bits
                0x0000000000007050       0x1a zephyr/drivers/gpio/libdrivers__gpio.a(gpio_nrfx.c.obj)
 .text.gpio_nrfx_manage_callback
                0x000000000000706a       0x52 zephyr/drivers/gpio/libdrivers__gpio.a(gpio_nrfx.c.obj)
 .text.pinctrl_lookup_state
                0x00000000000070bc       0x26 zephyr/drivers/pinctrl/libdrivers__pinctrl.a(common.c.obj)
                0x00000000000070bc                pinctrl_lookup_state
 .text.uarte_nrfx_err_check
                0x00000000000070e2        0xe zephyr/drivers/serial/libdrivers__serial.a(uart_nrfx_uarte.c.obj)
 .text.uarte_nrfx_poll_in
                0x00000000000070f0       0x26 zephyr/drivers/serial/libdrivers__serial.a(uart_nrfx_uarte.c.obj)
 .text.is_tx_ready.isra.0
                0x0000000000007116       0x20 zephyr/drivers/serial/libdrivers__serial.a(uart_nrfx_uarte.c.obj)
 .text.uarte_nrfx_isr_int
                0x0000000000007136       0x42 zephyr/drivers/serial/libdrivers__serial.a(uart_nrfx_uarte.c.obj)
 .text.event_clear
                0x0000000000007178       0x18 zephyr/drivers/timer/libdrivers__timer.a(nrf_rtc_timer.c.obj)
 .text.sys_clock_cycle_get_32
                0x0000000000007190        0x8 zephyr/drivers/timer/libdrivers__timer.a(nrf_rtc_timer.c.obj)
                0x0000000000007190                sys_clock_cycle_get_32
 .text.nrfx_isr
                0x0000000000007198        0x2 modules/hal_nordic/nrfx/libmodules__hal_nordic__nrfx.a(nrfx_glue.c.obj)
                0x0000000000007198                nrfx_isr
 .text.nrfx_busy_wait
                0x000000000000719a        0x4 modules/hal_nordic/nrfx/libmodules__hal_nordic__nrfx.a(nrfx_glue.c.obj)
                0x000000000000719a                nrfx_busy_wait
 .text.nrfx_gppi_channel_endpoints_setup
                0x000000000000719e       0x14 modules/hal_nordic/nrfx/libmodules__hal_nordic__nrfx.a(nrfx_gppi_ppi.c.obj)
                0x000000000000719e                nrfx_gppi_channel_endpoints_setup
 .text.nrfx_gppi_channel_alloc
                0x00000000000071b2        0x4 modules/hal_nordic/nrfx/libmodules__hal_nordic__nrfx.a(nrfx_gppi_ppi.c.obj)
                0x00000000000071b2                nrfx_gppi_channel_alloc
 .text.nrfx_clock_stop
                0x00000000000071b6        0x4 modules/hal_nordic/nrfx/libmodules__hal_nordic__nrfx.a(nrfx_clock.c.obj)
                0x00000000000071b6                nrfx_clock_stop
 .text.nrf_gpio_reconfigure
                0x00000000000071ba       0x92 modules/hal_nordic/nrfx/libmodules__hal_nordic__nrfx.a(nrfx_gpiote.c.obj)
 .text.nrf_gpio_cfg_sense_set
                0x000000000000724c       0x1e modules/hal_nordic/nrfx/libmodules__hal_nordic__nrfx.a(nrfx_gpiote.c.obj)
 .text.pin_trigger_disable
                0x000000000000726a       0x48 modules/hal_nordic/nrfx/libmodules__hal_nordic__nrfx.a(nrfx_gpiote.c.obj)
 .text.nrfx_gpiote_pin_uninit
                0x00000000000072b2        0x4 modules/hal_nordic/nrfx/libmodules__hal_nordic__nrfx.a(nrfx_gpiote.c.obj)
                0x00000000000072b2                nrfx_gpiote_pin_uninit
 .text.nrfx_gpiote_trigger_disable
                0x00000000000072b6        0x4 modules/hal_nordic/nrfx/libmodules__hal_nordic__nrfx.a(nrfx_gpiote.c.obj)
                0x00000000000072b6                nrfx_gpiote_trigger_disable
 .text.rtt_init
                0x00000000000072ba        0xa modules/segger/libmodules__segger.a(SEGGER_RTT_zephyr.c.obj)
 .text.zephyr_rtt_irq_lock
                0x00000000000072c4       0x10 modules/segger/libmodules__segger.a(SEGGER_RTT_zephyr.c.obj)
                0x00000000000072c4                zephyr_rtt_irq_lock
 .text.zephyr_rtt_irq_unlock
                0x00000000000072d4        0xa modules/segger/libmodules__segger.a(SEGGER_RTT_zephyr.c.obj)
                0x00000000000072d4                zephyr_rtt_irq_unlock
 .text.z_impl_k_busy_wait
                0x00000000000072de        0x8 zephyr/kernel/libkernel.a(busy_wait.c.obj)
                0x00000000000072de                z_impl_k_busy_wait
 .text.z_device_state_init
                0x00000000000072e6        0x2 zephyr/kernel/libkernel.a(device.c.obj)
                0x00000000000072e6                z_device_state_init
 .text.z_impl_device_is_ready
                0x00000000000072e8       0x16 zephyr/kernel/libkernel.a(device.c.obj)
                0x00000000000072e8                z_impl_device_is_ready
 .text.arch_system_halt
                0x00000000000072fe       0x10 zephyr/kernel/libkernel.a(fatal.c.obj)
                0x00000000000072fe                arch_system_halt
 .text.do_device_init
                0x000000000000730e       0x30 zephyr/kernel/libkernel.a(init.c.obj)
 .text.z_early_memset
                0x000000000000733e        0x4 zephyr/kernel/libkernel.a(init.c.obj)
                0x000000000000733e                z_early_memset
 .text.z_early_memcpy
                0x0000000000007342        0x4 zephyr/kernel/libkernel.a(init.c.obj)
                0x0000000000007342                z_early_memcpy
 .text.z_init_static
                0x0000000000007346        0x2 zephyr/kernel/libkernel.a(init_static.c.obj)
                0x0000000000007346                z_init_static
 .text.k_heap_init
                0x0000000000007348       0x10 zephyr/kernel/libkernel.a(kheap.c.obj)
                0x0000000000007348                k_heap_init
 .text.create_free_list
                0x0000000000007358       0x34 zephyr/kernel/libkernel.a(mem_slab.c.obj)
 .text.k_mem_slab_free
                0x000000000000738c       0x6e zephyr/kernel/libkernel.a(mem_slab.c.obj)
                0x000000000000738c                k_mem_slab_free
 .text.idle     0x00000000000073fa       0x16 zephyr/kernel/libkernel.a(idle.c.obj)
                0x00000000000073fa                idle
 .text.unpend_thread_no_timeout
                0x0000000000007410       0x1a zephyr/kernel/libkernel.a(msg_q.c.obj)
 .text.k_msgq_init
                0x000000000000742a       0x1e zephyr/kernel/libkernel.a(msg_q.c.obj)
                0x000000000000742a                k_msgq_init
 .text.z_impl_k_sem_init
                0x0000000000007448       0x18 zephyr/kernel/libkernel.a(sem.c.obj)
                0x0000000000007448                z_impl_k_sem_init
 .text.k_is_in_isr
                0x0000000000007460        0xc zephyr/kernel/libkernel.a(thread.c.obj)
                0x0000000000007460                k_is_in_isr
 .text.z_impl_k_thread_name_set
                0x000000000000746c        0x6 zephyr/kernel/libkernel.a(thread.c.obj)
                0x000000000000746c                z_impl_k_thread_name_set
 .text.k_thread_name_get
                0x0000000000007472        0x4 zephyr/kernel/libkernel.a(thread.c.obj)
                0x0000000000007472                k_thread_name_get
 .text.sys_dlist_remove
                0x0000000000007476       0x10 zephyr/kernel/libkernel.a(sched.c.obj)
 .text.unpend_thread_no_timeout
                0x0000000000007486       0x14 zephyr/kernel/libkernel.a(sched.c.obj)
 .text.add_to_waitq_locked
                0x000000000000749a       0x50 zephyr/kernel/libkernel.a(sched.c.obj)
 .text.z_ready_thread
                0x00000000000074ea       0x1e zephyr/kernel/libkernel.a(sched.c.obj)
                0x00000000000074ea                z_ready_thread
 .text.z_unpend_thread_no_timeout
                0x0000000000007508       0x22 zephyr/kernel/libkernel.a(sched.c.obj)
                0x0000000000007508                z_unpend_thread_no_timeout
 .text.z_sched_wake_thread
                0x000000000000752a       0x3a zephyr/kernel/libkernel.a(sched.c.obj)
                0x000000000000752a                z_sched_wake_thread
 .text.z_thread_timeout
                0x0000000000007564        0x8 zephyr/kernel/libkernel.a(sched.c.obj)
                0x0000000000007564                z_thread_timeout
 .text.z_unpend1_no_timeout
                0x000000000000756c       0x2c zephyr/kernel/libkernel.a(sched.c.obj)
                0x000000000000756c                z_unpend1_no_timeout
 .text.z_impl_k_sleep
                0x0000000000007598       0x32 zephyr/kernel/libkernel.a(sched.c.obj)
                0x0000000000007598                z_impl_k_sleep
 .text.next_timeout
                0x00000000000075ca       0x32 zephyr/kernel/libkernel.a(timeout.c.obj)
 .text.z_abort_timeout
                0x00000000000075fc       0x42 zephyr/kernel/libkernel.a(timeout.c.obj)
                0x00000000000075fc                z_abort_timeout
 .text.sys_clock_tick_get_32
                0x000000000000763e        0x8 zephyr/kernel/libkernel.a(timeout.c.obj)
                0x000000000000763e                sys_clock_tick_get_32
 .text.z_impl_k_uptime_ticks
                0x0000000000007646        0x4 zephyr/kernel/libkernel.a(timeout.c.obj)
                0x0000000000007646                z_impl_k_uptime_ticks
 .text.k_timer_init
                0x000000000000764a       0x18 zephyr/kernel/libkernel.a(timer.c.obj)
                0x000000000000764a                k_timer_init
 .text.z_impl_k_timer_stop
                0x0000000000007662       0x38 zephyr/kernel/libkernel.a(timer.c.obj)
                0x0000000000007662                z_impl_k_timer_stop
 .text.memcpy   0x000000000000769a       0x1c c:\users\brandon.edmonds\dev\tooling\nordic\ncs\toolchains\b620d30767\opt\zephyr-sdk\arm-zephyr-eabi\bin\../lib/gcc/../../picolibc/arm-zephyr-eabi/lib/thumb/v7e-m/nofp\libc.a(memcpy.c.o)
                0x000000000000769a                __aeabi_memcpy
                0x000000000000769a                __aeabi_memcpy4
                0x000000000000769a                __aeabi_memcpy8
                0x000000000000769a                memcpy
 .text.memset   0x00000000000076b6       0x10 c:\users\brandon.edmonds\dev\tooling\nordic\ncs\toolchains\b620d30767\opt\zephyr-sdk\arm-zephyr-eabi\bin\../lib/gcc/../../picolibc/arm-zephyr-eabi/lib/thumb/v7e-m/nofp\libc.a(memset.c.o)
                0x00000000000076b6                memset
 .text.strnlen  0x00000000000076c6       0x18 c:\users\brandon.edmonds\dev\tooling\nordic\ncs\toolchains\b620d30767\opt\zephyr-sdk\arm-zephyr-eabi\bin\../lib/gcc/../../picolibc/arm-zephyr-eabi/lib/thumb/v7e-m/nofp\libc.a(libc_string_strnlen.c.o)
                0x00000000000076c6                strnlen
 .text.__ultoa_invert
                0x00000000000076de       0xae c:\users\brandon.edmonds\dev\tooling\nordic\ncs\toolchains\b620d30767\opt\zephyr-sdk\arm-zephyr-eabi\bin\../lib/gcc/../../picolibc/arm-zephyr-eabi/lib/thumb/v7e-m/nofp\libc.a(libc_tinystdio_vflprintf.c.o)
 .text.__file_str_put
                0x000000000000778c       0x10 c:\users\brandon.edmonds\dev\tooling\nordic\ncs\toolchains\b620d30767\opt\zephyr-sdk\arm-zephyr-eabi\bin\../lib/gcc/../../picolibc/arm-zephyr-eabi/lib/thumb/v7e-m/nofp\libc.a(libc_tinystdio_filestrput.c.o)
                0x000000000000778c                __file_str_put
 *(SORT_BY_ALIGNMENT(.TEXT.*))
 .TEXT.__aeabi_read_tp
                0x000000000000779c        0xc zephyr/arch/arch/arm/core/cortex_m/libarch__arm__core__cortex_m.a(__aeabi_read_tp.S.obj)
                0x000000000000779c                __aeabi_read_tp
 *(SORT_BY_ALIGNMENT(.gnu.linkonce.t.*))
 *(SORT_BY_ALIGNMENT(.glue_7t))
 .glue_7t       0x00000000000077a8        0x0 linker stubs
 *(SORT_BY_ALIGNMENT(.glue_7))
 .glue_7        0x00000000000077a8        0x0 linker stubs
 *(SORT_BY_ALIGNMENT(.vfp11_veneer))
 .vfp11_veneer  0x00000000000077a8        0x0 linker stubs
 *(SORT_BY_ALIGNMENT(.v4_bx))
 .v4_bx         0x00000000000077a8        0x0 linker stubs
                0x00000000000077a8                . = ALIGN (0x4)
                0x00000000000077a8                __text_region_end = .

.ARM.exidx      0x00000000000077a8        0x8
                0x00000000000077a8                __exidx_start = .
 *(SORT_BY_ALIGNMENT(.ARM.exidx*) SORT_BY_ALIGNMENT(gnu.linkonce.armexidx.*))
 .ARM.exidx     0x00000000000077a8        0x8 c:\users\brandon.edmonds\dev\tooling\nordic\ncs\toolchains\b620d30767\opt\zephyr-sdk\arm-zephyr-eabi\bin\../lib/gcc/../../picolibc/arm-zephyr-eabi/lib/thumb/v7e-m/nofp\libc.a(strlen.S.o)
 .ARM.exidx     0x00000000000077b0        0x0 c:/users/brandon.edmonds/dev/tooling/nordic/ncs/toolchains/b620d30767/opt/zephyr-sdk/arm-zephyr-eabi/bin/../lib/gcc/arm-zephyr-eabi/12.2.0/thumb/v7e-m/nofp\libgcc.a(_udivmoddi4.o)
                                          0x8 (size before relaxing)
                0x00000000000077b0                __exidx_end = .
                0x00000000000077b0                __rodata_region_start = .

initlevel       0x00000000000077b0       0x68
                0x00000000000077b0                __init_start = .
                0x00000000000077b0                __init_EARLY_start = .
 *(SORT_BY_NAME(SORT_BY_ALIGNMENT(.z_init_EARLY?_*)))
 *(SORT_BY_NAME(SORT_BY_ALIGNMENT(.z_init_EARLY??_*)))
                0x00000000000077b0                __init_PRE_KERNEL_1_start = .
 *(SORT_BY_NAME(SORT_BY_ALIGNMENT(.z_init_PRE_KERNEL_1?_*)))
 .z_init_PRE_KERNEL_10_0_
                0x00000000000077b0        0x8 zephyr/soc/soc/nrf52840/libsoc__nordic.a(soc.c.obj)
 *(SORT_BY_NAME(SORT_BY_ALIGNMENT(.z_init_PRE_KERNEL_1??_*)))
 .z_init_PRE_KERNEL_130_00077_
                0x00000000000077b8        0x8 zephyr/drivers/clock_control/libdrivers__clock_control.a(clock_control_nrf.c.obj)
 .z_init_PRE_KERNEL_130_0_
                0x00000000000077c0        0x8 modules/segger/libmodules__segger.a(SEGGER_RTT_zephyr.c.obj)
 .z_init_PRE_KERNEL_130_0_
                0x00000000000077c8        0x8 zephyr/kernel/libkernel.a(kheap.c.obj)
 .z_init_PRE_KERNEL_130_0_
                0x00000000000077d0        0x8 zephyr/kernel/libkernel.a(mem_slab.c.obj)
 .z_init_PRE_KERNEL_140_00011_
                0x00000000000077d8        0x8 zephyr/drivers/gpio/libdrivers__gpio.a(gpio_nrfx.c.obj)
 .z_init_PRE_KERNEL_140_00107_
                0x00000000000077e0        0x8 zephyr/drivers/gpio/libdrivers__gpio.a(gpio_nrfx.c.obj)
 .z_init_PRE_KERNEL_150_00115_
                0x00000000000077e8        0x8 zephyr/drivers/serial/libdrivers__serial.a(uart_nrfx_uarte.c.obj)
 .z_init_PRE_KERNEL_160_0_
                0x00000000000077f0        0x8 zephyr/drivers/console/libdrivers__console.a(uart_console.c.obj)
                0x00000000000077f8                __init_PRE_KERNEL_2_start = .
 *(SORT_BY_NAME(SORT_BY_ALIGNMENT(.z_init_PRE_KERNEL_2?_*)))
 .z_init_PRE_KERNEL_20_0_
                0x00000000000077f8        0x8 zephyr/drivers/timer/libdrivers__timer.a(nrf_rtc_timer.c.obj)
 *(SORT_BY_NAME(SORT_BY_ALIGNMENT(.z_init_PRE_KERNEL_2??_*)))
                0x0000000000007800                __init_POST_KERNEL_start = .
 *(SORT_BY_NAME(SORT_BY_ALIGNMENT(.z_init_POST_KERNEL?_*)))
 .z_init_POST_KERNEL0_0_
                0x0000000000007800        0x8 zephyr/libzephyr.a(log_core.c.obj)
 *(SORT_BY_NAME(SORT_BY_ALIGNMENT(.z_init_POST_KERNEL??_*)))
 .z_init_POST_KERNEL35_0_
                0x0000000000007808        0x8 zephyr/lib/libc/common/liblib__libc__common.a(malloc.c.obj)
 .z_init_POST_KERNEL80_00094_
                0x0000000000007810        0x8 zephyr/drivers/audio/libdrivers__audio.a(dmic_nrfx_pdm.c.obj)
                0x0000000000007818                __init_APPLICATION_start = .
 *(SORT_BY_NAME(SORT_BY_ALIGNMENT(.z_init_APPLICATION?_*)))
 *(SORT_BY_NAME(SORT_BY_ALIGNMENT(.z_init_APPLICATION??_*)))
                0x0000000000007818                __init_SMP_start = .
 *(SORT_BY_NAME(SORT_BY_ALIGNMENT(.z_init_SMP?_*)))
 *(SORT_BY_NAME(SORT_BY_ALIGNMENT(.z_init_SMP??_*)))
                0x0000000000007818                __init_end = .
                0x0000000000007818                __deferred_init_list_start = .
 *(SORT_BY_ALIGNMENT(.z_deferred_init*))
                0x0000000000007818                __deferred_init_list_end = .

device_area     0x0000000000007818       0x64
                0x0000000000007818                _device_list_start = .
 *(SORT_BY_NAME(SORT_BY_ALIGNMENT(._device.static.*_?_*)))
 *(SORT_BY_NAME(SORT_BY_ALIGNMENT(._device.static.*_??_*)))
 ._device.static.1_30_
                0x0000000000007818       0x14 zephyr/drivers/clock_control/libdrivers__clock_control.a(clock_control_nrf.c.obj)
                0x0000000000007818                __device_dts_ord_77
 ._device.static.1_40_
                0x000000000000782c       0x28 zephyr/drivers/gpio/libdrivers__gpio.a(gpio_nrfx.c.obj)
                0x000000000000782c                __device_dts_ord_107
                0x0000000000007840                __device_dts_ord_11
 ._device.static.1_50_
                0x0000000000007854       0x14 zephyr/drivers/serial/libdrivers__serial.a(uart_nrfx_uarte.c.obj)
                0x0000000000007854                __device_dts_ord_115
 ._device.static.3_80_
                0x0000000000007868       0x14 zephyr/drivers/audio/libdrivers__audio.a(dmic_nrfx_pdm.c.obj)
                0x0000000000007868                __device_dts_ord_94
 *(SORT_BY_NAME(SORT_BY_ALIGNMENT(._device.static.*_???_*)))
 *(SORT_BY_NAME(SORT_BY_ALIGNMENT(._device.static.*_????_*)))
 *(SORT_BY_NAME(SORT_BY_ALIGNMENT(._device.static.*_?????_*)))
                0x000000000000787c                _device_list_end = .

sw_isr_table    0x000000000000787c      0x180
                0x000000000000787c                . = ALIGN (0x4)
 *(SORT_BY_ALIGNMENT(.gnu.linkonce.sw_isr_table*))
 .gnu.linkonce.sw_isr_table
                0x000000000000787c      0x180 zephyr/CMakeFiles/zephyr_final.dir/isr_tables.c.obj
                0x000000000000787c                _sw_isr_table

initlevel_error
                0x00000000000077b0        0x0
 *(SORT_BY_NAME(SORT_BY_ALIGNMENT(.z_init_[_A-Z0-9]*)))
                0x0000000000000001                ASSERT ((SIZEOF (initlevel_error) == 0x0), Undefined initialization levels used.)

app_shmem_regions
                0x00000000000079fc        0x0
                0x00000000000079fc                __app_shmem_regions_start = .
 *(SORT_BY_NAME(SORT_BY_ALIGNMENT(.app_regions.*)))
                0x00000000000079fc                __app_shmem_regions_end = .

k_p4wq_initparam_area
                0x00000000000079fc        0x0
                0x00000000000079fc                _k_p4wq_initparam_list_start = .
 *(SORT_BY_NAME(SORT_BY_ALIGNMENT(._k_p4wq_initparam.static.*)))
                0x00000000000079fc                _k_p4wq_initparam_list_end = .

_static_thread_data_area
                0x00000000000079fc        0x0
                0x00000000000079fc                __static_thread_data_list_start = .
 *(SORT_BY_NAME(SORT_BY_ALIGNMENT(.__static_thread_data.static.*)))
                0x00000000000079fc                __static_thread_data_list_end = .

device_deps     0x00000000000079fc        0x0
                0x00000000000079fc                __device_deps_start = .
 *(SORT_BY_NAME(SORT_BY_ALIGNMENT(.__device_deps_pass2*)))
                0x00000000000079fc                __device_deps_end = .

gpio_driver_api_area
                0x00000000000079fc       0x24
                0x00000000000079fc                _gpio_driver_api_list_start = .
 *(SORT_BY_NAME(SORT_BY_ALIGNMENT(._gpio_driver_api.static.*)))
 ._gpio_driver_api.static.gpio_nrfx_drv_api_funcs_
                0x00000000000079fc       0x24 zephyr/drivers/gpio/libdrivers__gpio.a(gpio_nrfx.c.obj)
                0x0000000000007a20                _gpio_driver_api_list_end = .

shared_irq_driver_api_area
                0x0000000000007a20        0x0
                0x0000000000007a20                _shared_irq_driver_api_list_start = .
 *(SORT_BY_NAME(SORT_BY_ALIGNMENT(._shared_irq_driver_api.static.*)))
                0x0000000000007a20                _shared_irq_driver_api_list_end = .

crypto_driver_api_area
                0x0000000000007a20        0x0
                0x0000000000007a20                _crypto_driver_api_list_start = .
 *(SORT_BY_NAME(SORT_BY_ALIGNMENT(._crypto_driver_api.static.*)))
                0x0000000000007a20                _crypto_driver_api_list_end = .

adc_driver_api_area
                0x0000000000007a20        0x0
                0x0000000000007a20                _adc_driver_api_list_start = .
 *(SORT_BY_NAME(SORT_BY_ALIGNMENT(._adc_driver_api.static.*)))
                0x0000000000007a20                _adc_driver_api_list_end = .

auxdisplay_driver_api_area
                0x0000000000007a20        0x0
                0x0000000000007a20                _auxdisplay_driver_api_list_start = .
 *(SORT_BY_NAME(SORT_BY_ALIGNMENT(._auxdisplay_driver_api.static.*)))
                0x0000000000007a20                _auxdisplay_driver_api_list_end = .

bbram_driver_api_area
                0x0000000000007a20        0x0
                0x0000000000007a20                _bbram_driver_api_list_start = .
 *(SORT_BY_NAME(SORT_BY_ALIGNMENT(._bbram_driver_api.static.*)))
                0x0000000000007a20                _bbram_driver_api_list_end = .

bt_hci_driver_api_area
                0x0000000000007a20        0x0
                0x0000000000007a20                _bt_hci_driver_api_list_start = .
 *(SORT_BY_NAME(SORT_BY_ALIGNMENT(._bt_hci_driver_api.static.*)))
                0x0000000000007a20                _bt_hci_driver_api_list_end = .

can_driver_api_area
                0x0000000000007a20        0x0
                0x0000000000007a20                _can_driver_api_list_start = .
 *(SORT_BY_NAME(SORT_BY_ALIGNMENT(._can_driver_api.static.*)))
                0x0000000000007a20                _can_driver_api_list_end = .

cellular_driver_api_area
                0x0000000000007a20        0x0
                0x0000000000007a20                _cellular_driver_api_list_start = .
 *(SORT_BY_NAME(SORT_BY_ALIGNMENT(._cellular_driver_api.static.*)))
                0x0000000000007a20                _cellular_driver_api_list_end = .

charger_driver_api_area
                0x0000000000007a20        0x0
                0x0000000000007a20                _charger_driver_api_list_start = .
 *(SORT_BY_NAME(SORT_BY_ALIGNMENT(._charger_driver_api.static.*)))
                0x0000000000007a20                _charger_driver_api_list_end = .

clock_control_driver_api_area
                0x0000000000007a20       0x1c
                0x0000000000007a20                _clock_control_driver_api_list_start = .
 *(SORT_BY_NAME(SORT_BY_ALIGNMENT(._clock_control_driver_api.static.*)))
 ._clock_control_driver_api.static.clock_control_api_
                0x0000000000007a20       0x1c zephyr/drivers/clock_control/libdrivers__clock_control.a(clock_control_nrf.c.obj)
                0x0000000000007a3c                _clock_control_driver_api_list_end = .

comparator_driver_api_area
                0x0000000000007a3c        0x0
                0x0000000000007a3c                _comparator_driver_api_list_start = .
 *(SORT_BY_NAME(SORT_BY_ALIGNMENT(._comparator_driver_api.static.*)))
                0x0000000000007a3c                _comparator_driver_api_list_end = .

coredump_driver_api_area
                0x0000000000007a3c        0x0
                0x0000000000007a3c                _coredump_driver_api_list_start = .
 *(SORT_BY_NAME(SORT_BY_ALIGNMENT(._coredump_driver_api.static.*)))
                0x0000000000007a3c                _coredump_driver_api_list_end = .

counter_driver_api_area
                0x0000000000007a3c        0x0
                0x0000000000007a3c                _counter_driver_api_list_start = .
 *(SORT_BY_NAME(SORT_BY_ALIGNMENT(._counter_driver_api.static.*)))
                0x0000000000007a3c                _counter_driver_api_list_end = .

dac_driver_api_area
                0x0000000000007a3c        0x0
                0x0000000000007a3c                _dac_driver_api_list_start = .
 *(SORT_BY_NAME(SORT_BY_ALIGNMENT(._dac_driver_api.static.*)))
                0x0000000000007a3c                _dac_driver_api_list_end = .

dai_driver_api_area
                0x0000000000007a3c        0x0
                0x0000000000007a3c                _dai_driver_api_list_start = .
 *(SORT_BY_NAME(SORT_BY_ALIGNMENT(._dai_driver_api.static.*)))
                0x0000000000007a3c                _dai_driver_api_list_end = .

display_driver_api_area
                0x0000000000007a3c        0x0
                0x0000000000007a3c                _display_driver_api_list_start = .
 *(SORT_BY_NAME(SORT_BY_ALIGNMENT(._display_driver_api.static.*)))
                0x0000000000007a3c                _display_driver_api_list_end = .

dma_driver_api_area
                0x0000000000007a3c        0x0
                0x0000000000007a3c                _dma_driver_api_list_start = .
 *(SORT_BY_NAME(SORT_BY_ALIGNMENT(._dma_driver_api.static.*)))
                0x0000000000007a3c                _dma_driver_api_list_end = .

edac_driver_api_area
                0x0000000000007a3c        0x0
                0x0000000000007a3c                _edac_driver_api_list_start = .
 *(SORT_BY_NAME(SORT_BY_ALIGNMENT(._edac_driver_api.static.*)))
                0x0000000000007a3c                _edac_driver_api_list_end = .

eeprom_driver_api_area
                0x0000000000007a3c        0x0
                0x0000000000007a3c                _eeprom_driver_api_list_start = .
 *(SORT_BY_NAME(SORT_BY_ALIGNMENT(._eeprom_driver_api.static.*)))
                0x0000000000007a3c                _eeprom_driver_api_list_end = .

emul_bbram_driver_api_area
                0x0000000000007a3c        0x0
                0x0000000000007a3c                _emul_bbram_driver_api_list_start = .
 *(SORT_BY_NAME(SORT_BY_ALIGNMENT(._emul_bbram_driver_api.static.*)))
                0x0000000000007a3c                _emul_bbram_driver_api_list_end = .

fuel_gauge_emul_driver_api_area
                0x0000000000007a3c        0x0
                0x0000000000007a3c                _fuel_gauge_emul_driver_api_list_start = .
 *(SORT_BY_NAME(SORT_BY_ALIGNMENT(._fuel_gauge_emul_driver_api.static.*)))
                0x0000000000007a3c                _fuel_gauge_emul_driver_api_list_end = .

emul_sensor_driver_api_area
                0x0000000000007a3c        0x0
                0x0000000000007a3c                _emul_sensor_driver_api_list_start = .
 *(SORT_BY_NAME(SORT_BY_ALIGNMENT(._emul_sensor_driver_api.static.*)))
                0x0000000000007a3c                _emul_sensor_driver_api_list_end = .

entropy_driver_api_area
                0x0000000000007a3c        0x0
                0x0000000000007a3c                _entropy_driver_api_list_start = .
 *(SORT_BY_NAME(SORT_BY_ALIGNMENT(._entropy_driver_api.static.*)))
                0x0000000000007a3c                _entropy_driver_api_list_end = .

espi_driver_api_area
                0x0000000000007a3c        0x0
                0x0000000000007a3c                _espi_driver_api_list_start = .
 *(SORT_BY_NAME(SORT_BY_ALIGNMENT(._espi_driver_api.static.*)))
                0x0000000000007a3c                _espi_driver_api_list_end = .

espi_saf_driver_api_area
                0x0000000000007a3c        0x0
                0x0000000000007a3c                _espi_saf_driver_api_list_start = .
 *(SORT_BY_NAME(SORT_BY_ALIGNMENT(._espi_saf_driver_api.static.*)))
                0x0000000000007a3c                _espi_saf_driver_api_list_end = .

flash_driver_api_area
                0x0000000000007a3c        0x0
                0x0000000000007a3c                _flash_driver_api_list_start = .
 *(SORT_BY_NAME(SORT_BY_ALIGNMENT(._flash_driver_api.static.*)))
                0x0000000000007a3c                _flash_driver_api_list_end = .

fpga_driver_api_area
                0x0000000000007a3c        0x0
                0x0000000000007a3c                _fpga_driver_api_list_start = .
 *(SORT_BY_NAME(SORT_BY_ALIGNMENT(._fpga_driver_api.static.*)))
                0x0000000000007a3c                _fpga_driver_api_list_end = .

fuel_gauge_driver_api_area
                0x0000000000007a3c        0x0
                0x0000000000007a3c                _fuel_gauge_driver_api_list_start = .
 *(SORT_BY_NAME(SORT_BY_ALIGNMENT(._fuel_gauge_driver_api.static.*)))
                0x0000000000007a3c                _fuel_gauge_driver_api_list_end = .

gnss_driver_api_area
                0x0000000000007a3c        0x0
                0x0000000000007a3c                _gnss_driver_api_list_start = .
 *(SORT_BY_NAME(SORT_BY_ALIGNMENT(._gnss_driver_api.static.*)))
                0x0000000000007a3c                _gnss_driver_api_list_end = .

haptics_driver_api_area
                0x0000000000007a3c        0x0
                0x0000000000007a3c                _haptics_driver_api_list_start = .
 *(SORT_BY_NAME(SORT_BY_ALIGNMENT(._haptics_driver_api.static.*)))
                0x0000000000007a3c                _haptics_driver_api_list_end = .

hwspinlock_driver_api_area
                0x0000000000007a3c        0x0
                0x0000000000007a3c                _hwspinlock_driver_api_list_start = .
 *(SORT_BY_NAME(SORT_BY_ALIGNMENT(._hwspinlock_driver_api.static.*)))
                0x0000000000007a3c                _hwspinlock_driver_api_list_end = .

i2c_driver_api_area
                0x0000000000007a3c        0x0
                0x0000000000007a3c                _i2c_driver_api_list_start = .
 *(SORT_BY_NAME(SORT_BY_ALIGNMENT(._i2c_driver_api.static.*)))
                0x0000000000007a3c                _i2c_driver_api_list_end = .

i2c_target_driver_api_area
                0x0000000000007a3c        0x0
                0x0000000000007a3c                _i2c_target_driver_api_list_start = .
 *(SORT_BY_NAME(SORT_BY_ALIGNMENT(._i2c_target_driver_api.static.*)))
                0x0000000000007a3c                _i2c_target_driver_api_list_end = .

i2s_driver_api_area
                0x0000000000007a3c        0x0
                0x0000000000007a3c                _i2s_driver_api_list_start = .
 *(SORT_BY_NAME(SORT_BY_ALIGNMENT(._i2s_driver_api.static.*)))
                0x0000000000007a3c                _i2s_driver_api_list_end = .

i3c_driver_api_area
                0x0000000000007a3c        0x0
                0x0000000000007a3c                _i3c_driver_api_list_start = .
 *(SORT_BY_NAME(SORT_BY_ALIGNMENT(._i3c_driver_api.static.*)))
                0x0000000000007a3c                _i3c_driver_api_list_end = .

ipm_driver_api_area
                0x0000000000007a3c        0x0
                0x0000000000007a3c                _ipm_driver_api_list_start = .
 *(SORT_BY_NAME(SORT_BY_ALIGNMENT(._ipm_driver_api.static.*)))
                0x0000000000007a3c                _ipm_driver_api_list_end = .

kscan_driver_api_area
                0x0000000000007a3c        0x0
                0x0000000000007a3c                _kscan_driver_api_list_start = .
 *(SORT_BY_NAME(SORT_BY_ALIGNMENT(._kscan_driver_api.static.*)))
                0x0000000000007a3c                _kscan_driver_api_list_end = .

led_driver_api_area
                0x0000000000007a3c        0x0
                0x0000000000007a3c                _led_driver_api_list_start = .
 *(SORT_BY_NAME(SORT_BY_ALIGNMENT(._led_driver_api.static.*)))
                0x0000000000007a3c                _led_driver_api_list_end = .

led_strip_driver_api_area
                0x0000000000007a3c        0x0
                0x0000000000007a3c                _led_strip_driver_api_list_start = .
 *(SORT_BY_NAME(SORT_BY_ALIGNMENT(._led_strip_driver_api.static.*)))
                0x0000000000007a3c                _led_strip_driver_api_list_end = .

lora_driver_api_area
                0x0000000000007a3c        0x0
                0x0000000000007a3c                _lora_driver_api_list_start = .
 *(SORT_BY_NAME(SORT_BY_ALIGNMENT(._lora_driver_api.static.*)))
                0x0000000000007a3c                _lora_driver_api_list_end = .

mbox_driver_api_area
                0x0000000000007a3c        0x0
                0x0000000000007a3c                _mbox_driver_api_list_start = .
 *(SORT_BY_NAME(SORT_BY_ALIGNMENT(._mbox_driver_api.static.*)))
                0x0000000000007a3c                _mbox_driver_api_list_end = .

mdio_driver_api_area
                0x0000000000007a3c        0x0
                0x0000000000007a3c                _mdio_driver_api_list_start = .
 *(SORT_BY_NAME(SORT_BY_ALIGNMENT(._mdio_driver_api.static.*)))
                0x0000000000007a3c                _mdio_driver_api_list_end = .

mipi_dbi_driver_api_area
                0x0000000000007a3c        0x0
                0x0000000000007a3c                _mipi_dbi_driver_api_list_start = .
 *(SORT_BY_NAME(SORT_BY_ALIGNMENT(._mipi_dbi_driver_api.static.*)))
                0x0000000000007a3c                _mipi_dbi_driver_api_list_end = .

mipi_dsi_driver_api_area
                0x0000000000007a3c        0x0
                0x0000000000007a3c                _mipi_dsi_driver_api_list_start = .
 *(SORT_BY_NAME(SORT_BY_ALIGNMENT(._mipi_dsi_driver_api.static.*)))
                0x0000000000007a3c                _mipi_dsi_driver_api_list_end = .

mspi_driver_api_area
                0x0000000000007a3c        0x0
                0x0000000000007a3c                _mspi_driver_api_list_start = .
 *(SORT_BY_NAME(SORT_BY_ALIGNMENT(._mspi_driver_api.static.*)))
                0x0000000000007a3c                _mspi_driver_api_list_end = .

peci_driver_api_area
                0x0000000000007a3c        0x0
                0x0000000000007a3c                _peci_driver_api_list_start = .
 *(SORT_BY_NAME(SORT_BY_ALIGNMENT(._peci_driver_api.static.*)))
                0x0000000000007a3c                _peci_driver_api_list_end = .

ps2_driver_api_area
                0x0000000000007a3c        0x0
                0x0000000000007a3c                _ps2_driver_api_list_start = .
 *(SORT_BY_NAME(SORT_BY_ALIGNMENT(._ps2_driver_api.static.*)))
                0x0000000000007a3c                _ps2_driver_api_list_end = .

ptp_clock_driver_api_area
                0x0000000000007a3c        0x0
                0x0000000000007a3c                _ptp_clock_driver_api_list_start = .
 *(SORT_BY_NAME(SORT_BY_ALIGNMENT(._ptp_clock_driver_api.static.*)))
                0x0000000000007a3c                _ptp_clock_driver_api_list_end = .

pwm_driver_api_area
                0x0000000000007a3c        0x0
                0x0000000000007a3c                _pwm_driver_api_list_start = .
 *(SORT_BY_NAME(SORT_BY_ALIGNMENT(._pwm_driver_api.static.*)))
                0x0000000000007a3c                _pwm_driver_api_list_end = .

regulator_parent_driver_api_area
                0x0000000000007a3c        0x0
                0x0000000000007a3c                _regulator_parent_driver_api_list_start = .
 *(SORT_BY_NAME(SORT_BY_ALIGNMENT(._regulator_parent_driver_api.static.*)))
                0x0000000000007a3c                _regulator_parent_driver_api_list_end = .

regulator_driver_api_area
                0x0000000000007a3c        0x0
                0x0000000000007a3c                _regulator_driver_api_list_start = .
 *(SORT_BY_NAME(SORT_BY_ALIGNMENT(._regulator_driver_api.static.*)))
                0x0000000000007a3c                _regulator_driver_api_list_end = .

reset_driver_api_area
                0x0000000000007a3c        0x0
                0x0000000000007a3c                _reset_driver_api_list_start = .
 *(SORT_BY_NAME(SORT_BY_ALIGNMENT(._reset_driver_api.static.*)))
                0x0000000000007a3c                _reset_driver_api_list_end = .

retained_mem_driver_api_area
                0x0000000000007a3c        0x0
                0x0000000000007a3c                _retained_mem_driver_api_list_start = .
 *(SORT_BY_NAME(SORT_BY_ALIGNMENT(._retained_mem_driver_api.static.*)))
                0x0000000000007a3c                _retained_mem_driver_api_list_end = .

rtc_driver_api_area
                0x0000000000007a3c        0x0
                0x0000000000007a3c                _rtc_driver_api_list_start = .
 *(SORT_BY_NAME(SORT_BY_ALIGNMENT(._rtc_driver_api.static.*)))
                0x0000000000007a3c                _rtc_driver_api_list_end = .

sdhc_driver_api_area
                0x0000000000007a3c        0x0
                0x0000000000007a3c                _sdhc_driver_api_list_start = .
 *(SORT_BY_NAME(SORT_BY_ALIGNMENT(._sdhc_driver_api.static.*)))
                0x0000000000007a3c                _sdhc_driver_api_list_end = .

sensor_driver_api_area
                0x0000000000007a3c        0x0
                0x0000000000007a3c                _sensor_driver_api_list_start = .
 *(SORT_BY_NAME(SORT_BY_ALIGNMENT(._sensor_driver_api.static.*)))
                0x0000000000007a3c                _sensor_driver_api_list_end = .

smbus_driver_api_area
                0x0000000000007a3c        0x0
                0x0000000000007a3c                _smbus_driver_api_list_start = .
 *(SORT_BY_NAME(SORT_BY_ALIGNMENT(._smbus_driver_api.static.*)))
                0x0000000000007a3c                _smbus_driver_api_list_end = .

spi_driver_api_area
                0x0000000000007a3c        0x0
                0x0000000000007a3c                _spi_driver_api_list_start = .
 *(SORT_BY_NAME(SORT_BY_ALIGNMENT(._spi_driver_api.static.*)))
                0x0000000000007a3c                _spi_driver_api_list_end = .

stepper_driver_api_area
                0x0000000000007a3c        0x0
                0x0000000000007a3c                _stepper_driver_api_list_start = .
 *(SORT_BY_NAME(SORT_BY_ALIGNMENT(._stepper_driver_api.static.*)))
                0x0000000000007a3c                _stepper_driver_api_list_end = .

syscon_driver_api_area
                0x0000000000007a3c        0x0
                0x0000000000007a3c                _syscon_driver_api_list_start = .
 *(SORT_BY_NAME(SORT_BY_ALIGNMENT(._syscon_driver_api.static.*)))
                0x0000000000007a3c                _syscon_driver_api_list_end = .

tee_driver_api_area
                0x0000000000007a3c        0x0
                0x0000000000007a3c                _tee_driver_api_list_start = .
 *(SORT_BY_NAME(SORT_BY_ALIGNMENT(._tee_driver_api.static.*)))
                0x0000000000007a3c                _tee_driver_api_list_end = .

video_driver_api_area
                0x0000000000007a3c        0x0
                0x0000000000007a3c                _video_driver_api_list_start = .
 *(SORT_BY_NAME(SORT_BY_ALIGNMENT(._video_driver_api.static.*)))
                0x0000000000007a3c                _video_driver_api_list_end = .

w1_driver_api_area
                0x0000000000007a3c        0x0
                0x0000000000007a3c                _w1_driver_api_list_start = .
 *(SORT_BY_NAME(SORT_BY_ALIGNMENT(._w1_driver_api.static.*)))
                0x0000000000007a3c                _w1_driver_api_list_end = .

wdt_driver_api_area
                0x0000000000007a3c        0x0
                0x0000000000007a3c                _wdt_driver_api_list_start = .
 *(SORT_BY_NAME(SORT_BY_ALIGNMENT(._wdt_driver_api.static.*)))
                0x0000000000007a3c                _wdt_driver_api_list_end = .

can_transceiver_driver_api_area
                0x0000000000007a3c        0x0
                0x0000000000007a3c                _can_transceiver_driver_api_list_start = .
 *(SORT_BY_NAME(SORT_BY_ALIGNMENT(._can_transceiver_driver_api.static.*)))
                0x0000000000007a3c                _can_transceiver_driver_api_list_end = .

nrf_clock_control_driver_api_area
                0x0000000000007a3c        0x0
                0x0000000000007a3c                _nrf_clock_control_driver_api_list_start = .
 *(SORT_BY_NAME(SORT_BY_ALIGNMENT(._nrf_clock_control_driver_api.static.*)))
                0x0000000000007a3c                _nrf_clock_control_driver_api_list_end = .

i3c_target_driver_api_area
                0x0000000000007a3c        0x0